Archive member included to satisfy reference by file (symbol)

platform/libplatform_s.a(system_nrf91.o)
                              secure_fw/CMakeFiles/tfm_s.dir/__/platform/ext/target/nordic_nrf/common/core/startup.o (SystemInit)
platform/libplatform_s.a(exception_info.o)
                              secure_fw/CMakeFiles/tfm_s.dir/__/platform/ext/target/nordic_nrf/common/core/startup_nrf91.o (store_and_dump_context)
platform/libplatform_s.a(uart_stdout.o)
                              platform/libplatform_s.a(exception_info.o) (stdio_init)
platform/libplatform_s.a(tfm_hal_spm_logdev_peripheral.o)
                              platform/libplatform_s.a(exception_info.o) (tfm_hal_output_spm_log)
platform/libplatform_s.a(Driver_USART.o)
                              platform/libplatform_s.a(uart_stdout.o) (Driver_USART1)
platform/libplatform_s.a(nrfx_uarte.o)
                              platform/libplatform_s.a(Driver_USART.o) (nrfx_uarte_init)
platform/libplatform_s.a(nrfx_glue.o)
                              platform/libplatform_s.a(nrfx_uarte.o) (nrfx_critical_section_enter)
platform/libplatform_s.a(spu.o)
                              platform/libplatform_s.a(Driver_USART.o) (spu_peripheral_config_secure)
secure_fw/partitions/lib/runtime/libtfm_sprt.a(crt_memmove.o)
                              platform/libplatform_s.a(nrfx_uarte.o) (memmove)
secure_fw/partitions/lib/runtime/libtfm_sprt.a(crt_memcpy.o)
                              platform/libplatform_s.a(exception_info.o) (memcpy)
secure_fw/partitions/lib/runtime/libtfm_sprt.a(crt_memset.o)
                              c:/ncs/toolchains/ce3b5ff664/opt/zephyr-sdk/arm-zephyr-eabi/bin/../lib/gcc/arm-zephyr-eabi/12.2.0/../../../../arm-zephyr-eabi/lib/thumb/v8-m.main+fp/hard/crt0.o (memset)
secure_fw/partitions/lib/runtime/libtfm_sprt.a(psa_interface_sfn.o)
                              secure_fw/CMakeFiles/tfm_s.dir/partitions/ns_agent_tz/psa_api_veneers_v80m.o (psa_framework_version)
secure_fw/spm/libtfm_spm.a(utilities.o)
                              secure_fw/CMakeFiles/tfm_s.dir/__/platform/ext/target/nordic_nrf/common/core/startup.o (tfm_core_panic)
secure_fw/spm/libtfm_spm.a(spm_log.o)
                              platform/libplatform_s.a(exception_info.o) (spm_log_msgval)
secure_fw/spm/libtfm_spm.a(main.o)
                              c:/ncs/toolchains/ce3b5ff664/opt/zephyr-sdk/arm-zephyr-eabi/bin/../lib/gcc/arm-zephyr-eabi/12.2.0/../../../../arm-zephyr-eabi/lib/thumb/v8-m.main+fp/hard/crt0.o (main)
secure_fw/spm/libtfm_spm.a(psa_api.o)
                              secure_fw/partitions/lib/runtime/libtfm_sprt.a(psa_interface_sfn.o) (spm_handle_programmer_errors)
secure_fw/spm/libtfm_spm.a(psa_call_api.o)
                              secure_fw/partitions/lib/runtime/libtfm_sprt.a(psa_interface_sfn.o) (tfm_spm_client_psa_call)
secure_fw/spm/libtfm_spm.a(psa_version_api.o)
                              secure_fw/partitions/lib/runtime/libtfm_sprt.a(psa_interface_sfn.o) (tfm_spm_client_psa_framework_version)
secure_fw/spm/libtfm_spm.a(psa_read_write_skip_api.o)
                              secure_fw/partitions/lib/runtime/libtfm_sprt.a(psa_interface_sfn.o) (tfm_spm_partition_psa_read)
secure_fw/spm/libtfm_spm.a(backend_sfn.o)
                              secure_fw/partitions/lib/runtime/libtfm_sprt.a(psa_interface_sfn.o) (p_current_partition)
secure_fw/spm/libtfm_spm.a(tfm_svcalls.o)
                              secure_fw/spm/libtfm_spm.a(main.o) (tfm_core_handler_mode)
secure_fw/spm/libtfm_spm.a(spm_local_connection.o)
                              secure_fw/spm/libtfm_spm.a(psa_api.o) (spm_free_connection)
secure_fw/spm/libtfm_spm.a(tfm_arch_v8m_main.o)
                              secure_fw/spm/libtfm_spm.a(main.o) (tfm_arch_set_secure_exception_priorities)
secure_fw/spm/libtfm_spm.a(ns_agent_tz_v80m.o)
                              secure_fw/CMakeFiles/tfm_s.dir/partitions/ns_agent_tz/load_info_ns_agent_tz.o (ns_agent_tz_main)
secure_fw/spm/libtfm_spm.a(tfm_hal_isolation.o)
                              secure_fw/spm/libtfm_spm.a(psa_call_api.o) (tfm_hal_memory_check)
secure_fw/spm/libtfm_spm.a(tfm_hal_platform_common.o)
                              secure_fw/spm/libtfm_spm.a(backend_sfn.o) (tfm_hal_get_ns_entry_point)
secure_fw/spm/libtfm_spm.a(faults.o)
                              secure_fw/CMakeFiles/tfm_s.dir/__/platform/ext/target/nordic_nrf/common/core/startup_nrf91.o (SPU_IRQHandler)
secure_fw/spm/libtfm_spm.a(target_cfg.o)
                              secure_fw/spm/libtfm_spm.a(tfm_hal_platform_common.o) (enable_fault_handlers)
secure_fw/spm/libtfm_spm.a(tfm_boot_data.o)
                              secure_fw/spm/libtfm_spm.a(main.o) (tfm_core_validate_boot_data)
secure_fw/spm/libtfm_spm.a(tfm_arch.o)
                              secure_fw/spm/libtfm_spm.a(tfm_svcalls.o) (tfm_arch_free_msp_and_exc_ret)
secure_fw/spm/libtfm_spm.a(spm_ipc.o)
[...]
Memory Configuration

Name             Origin             Length             Attributes
FLASH            0x0000000000000000 0x0000000000008000 xr
RAM              0x0000000020000000 0x0000000000008000 xrw
*default*        0x0000000000000000 0xffffffffffffffff

Linker script and memory map

LOAD c:/ncs/toolchains/ce3b5ff664/opt/zephyr-sdk/arm-zephyr-eabi/bin/../lib/gcc/arm-zephyr-eabi/12.2.0/thumb/v8-m.main+fp/hard/crti.o
LOAD c:/ncs/toolchains/ce3b5ff664/opt/zephyr-sdk/arm-zephyr-eabi/bin/../lib/gcc/arm-zephyr-eabi/12.2.0/thumb/v8-m.main+fp/hard/crtbegin.o
LOAD c:/ncs/toolchains/ce3b5ff664/opt/zephyr-sdk/arm-zephyr-eabi/bin/../lib/gcc/arm-zephyr-eabi/12.2.0/../../../../arm-zephyr-eabi/lib/thumb/v8-m.main+fp/hard/crt0.o
LOAD secure_fw/CMakeFiles/tfm_s.dir/partitions/ns_agent_tz/psa_api_veneers_v80m.o
LOAD secure_fw/CMakeFiles/tfm_s.dir/__/platform/ext/target/nordic_nrf/common/core/startup.o
LOAD secure_fw/CMakeFiles/tfm_s.dir/__/platform/ext/target/nordic_nrf/common/core/startup_nrf91.o
LOAD secure_fw/CMakeFiles/tfm_s.dir/__/platform/ext/common/faults.o
LOAD secure_fw/CMakeFiles/tfm_s.dir/__/generated/secure_fw/partitions/crypto/auto_generated/load_info_tfm_crypto.o
LOAD secure_fw/CMakeFiles/tfm_s.dir/__/generated/secure_fw/partitions/platform/auto_generated/load_info_tfm_platform.o
LOAD secure_fw/CMakeFiles/tfm_s.dir/partitions/ns_agent_tz/load_info_ns_agent_tz.o
LOAD secure_fw/CMakeFiles/tfm_s.dir/__/platform/ext/common/syscalls_stub.o
LOAD platform/libplatform_s.a
LOAD secure_fw/partitions/lib/runtime/libtfm_sprt.a
LOAD secure_fw/spm/libtfm_spm.a
LOAD secure_fw/partitions/crypto/libtfm_psa_rot_partition_crypto.a
LOAD platform/libplatform_crypto_keys.a
LOAD secure_fw/partitions/crypto/mbedcrypto/nrf_security_src/libcrypto_service_mbedcrypto.a
LOAD secure_fw/partitions/platform/libtfm_psa_rot_partition_platform.a
LOAD platform/libplatform_s.a
LOAD secure_fw/partitions/lib/runtime/libtfm_sprt.a
LOAD secure_fw/spm/libtfm_spm.a
LOAD secure_fw/partitions/crypto/libtfm_psa_rot_partition_crypto.a
LOAD platform/libplatform_crypto_keys.a
LOAD secure_fw/partitions/crypto/mbedcrypto/nrf_security_src/libcrypto_service_mbedcrypto.a
LOAD secure_fw/partitions/platform/libtfm_psa_rot_partition_platform.a
LOAD platform/libplatform_s.a
LOAD secure_fw/partitions/lib/runtime/libtfm_sprt.a
LOAD secure_fw/spm/libtfm_spm.a
LOAD secure_fw/partitions/crypto/libtfm_psa_rot_partition_crypto.a
LOAD platform/libplatform_crypto_keys.a
LOAD secure_fw/partitions/crypto/mbedcrypto/nrf_security_src/libcrypto_service_mbedcrypto.a
LOAD secure_fw/partitions/platform/libtfm_psa_rot_partition_platform.a
LOAD C:/ncs/v2.7.0/nrfxlib/crypto/nrf_cc310_platform/lib/cortex-m33/hard-float/no-interrupts/libnrf_cc310_platform_0.9.19.a
LOAD C:/ncs/v2.7.0/nrfxlib/crypto/nrf_oberon/lib/cortex-m33/hard-float/liboberon_mbedtls_3.0.15.a
LOAD secure_fw/partitions/crypto/mbedcrypto/nrf_security_src/libmbedcrypto_base.a
LOAD C:/ncs/v2.7.0/nrfxlib/crypto/nrf_oberon/lib/cortex-m33/hard-float/liboberon_3.0.15.a
START GROUP
LOAD c:/ncs/toolchains/ce3b5ff664/opt/zephyr-sdk/arm-zephyr-eabi/bin/../lib/gcc/arm-zephyr-eabi/12.2.0/thumb/v8-m.main+fp/hard\libgcc.a
LOAD c:/ncs/toolchains/ce3b5ff664/opt/zephyr-sdk/arm-zephyr-eabi/bin/../lib/gcc/arm-zephyr-eabi/12.2.0/../../../../arm-zephyr-eabi/lib/thumb/v8-m.main+fp/hard\libc_nano.a
END GROUP
START GROUP
LOAD c:/ncs/toolchains/ce3b5ff664/opt/zephyr-sdk/arm-zephyr-eabi/bin/../lib/gcc/arm-zephyr-eabi/12.2.0/thumb/v8-m.main+fp/hard\libgcc.a
LOAD c:/ncs/toolchains/ce3b5ff664/opt/zephyr-sdk/arm-zephyr-eabi/bin/../lib/gcc/arm-zephyr-eabi/12.2.0/../../../../arm-zephyr-eabi/lib/thumb/v8-m.main+fp/hard\libc_nano.a
END GROUP
LOAD c:/ncs/toolchains/ce3b5ff664/opt/zephyr-sdk/arm-zephyr-eabi/bin/../lib/gcc/arm-zephyr-eabi/12.2.0/thumb/v8-m.main+fp/hard/crtend.o
LOAD c:/ncs/toolchains/ce3b5ff664/opt/zephyr-sdk/arm-zephyr-eabi/bin/../lib/gcc/arm-zephyr-eabi/12.2.0/thumb/v8-m.main+fp/hard/crtn.o
                0x0000000000000800                __msp_stack_size__ = 0x800
START GROUP
LOAD c:/ncs/toolchains/ce3b5ff664/opt/zephyr-sdk/arm-zephyr-eabi/bin/../lib/gcc/arm-zephyr-eabi/12.2.0/thumb/v8-m.main+fp/hard\libgcc.a
LOAD c:/ncs/toolchains/ce3b5ff664/opt/zephyr-sdk/arm-zephyr-eabi/bin/../lib/gcc/arm-zephyr-eabi/12.2.0/../../../../arm-zephyr-eabi/lib/thumb/v8-m.main+fp/hard\libc.a
LOAD c:/ncs/toolchains/ce3b5ff664/opt/zephyr-sdk/arm-zephyr-eabi/bin/../lib/gcc/arm-zephyr-eabi/12.2.0/../../../../arm-zephyr-eabi/lib/thumb/v8-m.main+fp/hard\libm.a
LOAD c:/ncs/toolchains/ce3b5ff664/opt/zephyr-sdk/arm-zephyr-eabi/bin/../lib/gcc/arm-zephyr-eabi/12.2.0/../../../../arm-zephyr-eabi/lib/thumb/v8-m.main+fp/hard\libnosys.a
LOAD c:/ncs/toolchains/ce3b5ff664/opt/zephyr-sdk/arm-zephyr-eabi/bin/../lib/gcc/arm-zephyr-eabi/12.2.0/../../../../arm-zephyr-eabi/lib/thumb/v8-m.main+fp/hard\libc_nano.a
END GROUP

.TFM_VECTORS    0x0000000000000000      0x144
                0x0000000000000000                __vectors_start__ = .
 *(.vectors)
 .vectors       0x0000000000000000      0x144 secure_fw/CMakeFiles/tfm_s.dir/__/platform/ext/target/nordic_nrf/common/core/startup_nrf91.o
                0x0000000000000000                __Vectors
                0x0000000000000144                . = ALIGN (0x4)
                0x0000000000000144                __vectors_end__ = .
                0x0000000000000001                ASSERT ((. <= (ADDR (.TFM_VECTORS) + 0x144)), .TFM_VECTORS section size overflow.)
                0x0000000000000144                . = (ADDR (.TFM_VECTORS) + 0x144)

.TFM_SP_LOAD_LIST
                0x0000000000000144       0xbc
 *(.part_load_priority_00)
 .part_load_priority_00
                0x0000000000000144       0x30 secure_fw/CMakeFiles/tfm_s.dir/partitions/ns_agent_tz/load_info_ns_agent_tz.o
                0x0000000000000144                tfm_sp_ns_agent_tz_load
 *(.part_load_priority_01)
 *(.part_load_priority_02)
 .part_load_priority_02
                0x0000000000000174       0x48 secure_fw/CMakeFiles/tfm_s.dir/__/generated/secure_fw/partitions/crypto/auto_generated/load_info_tfm_crypto.o
                0x0000000000000174                tfm_sp_crypto_load
 .part_load_priority_02
                0x00000000000001bc       0x44 secure_fw/CMakeFiles/tfm_s.dir/__/generated/secure_fw/partitions/platform/auto_generated/load_info_tfm_platform.o
                0x00000000000001bc                tfm_sp_platform_load
 *(.part_load_priority_03)
                0x0000000000000144                Image$$TFM_SP_LOAD_LIST$$RO$$Base = ADDR (.TFM_SP_LOAD_LIST)
                0x0000000000000200                Image$$TFM_SP_LOAD_LIST$$RO$$Limit = (ADDR (.TFM_SP_LOAD_LIST) + SIZEOF (.TFM_SP_LOAD_LIST))
                0x0000000000000200                . = ALIGN (0x20)
                0x0000000000000200                Image$$TFM_PSA_CODE_START$$Base = .

.TFM_PSA_ROT_LINKER
                0x0000000000000200      0x420
 *tfm_psa_rot_partition*:(SORT_BY_ALIGNMENT(.text*))
 .text.tfm_crypto_clear_scratch
                0x0000000000000200       0x20 secure_fw/partitions/crypto/libtfm_psa_rot_partition_crypto.a(crypto_init.o)
 .text.tfm_crypto_api_dispatcher
                0x0000000000000220       0xb0 secure_fw/partitions/crypto/libtfm_psa_rot_partition_crypto.a(crypto_init.o)
                0x0000000000000220                tfm_crypto_api_dispatcher
 .text.tfm_crypto_sfn
                0x00000000000002d0      0x170 secure_fw/partitions/crypto/libtfm_psa_rot_partition_crypto.a(crypto_init.o)
                0x00000000000002d0                tfm_crypto_sfn
 .text.tfm_crypto_init_alloc
                0x0000000000000440       0x14 secure_fw/partitions/crypto/libtfm_psa_rot_partition_crypto.a(crypto_alloc.o)
                0x0000000000000440                tfm_crypto_init_alloc
 .text.tfm_crypto_library_get_info
                0x0000000000000454       0x1c secure_fw/partitions/crypto/libtfm_psa_rot_partition_crypto.a(crypto_library.o)
                0x0000000000000454                tfm_crypto_library_get_info
 .text.tfm_crypto_core_library_init
                0x0000000000000470       0x14 secure_fw/partitions/crypto/libtfm_psa_rot_partition_crypto.a(crypto_library.o)
                0x0000000000000470                tfm_crypto_core_library_init
 .text.tfm_crypto_init
                0x0000000000000484       0x1c secure_fw/partitions/crypto/libtfm_psa_rot_partition_crypto.a(crypto_init.o)
                0x0000000000000484                tfm_crypto_init
 .text.tfm_crypto_cipher_interface
                0x00000000000004a0        0x6 secure_fw/partitions/crypto/libtfm_psa_rot_partition_crypto.a(crypto_cipher.o)
                0x00000000000004a0                tfm_crypto_cipher_interface
 .text.tfm_crypto_hash_interface
                0x00000000000004a6        0x6 secure_fw/partitions/crypto/libtfm_psa_rot_partition_crypto.a(crypto_hash.o)
                0x00000000000004a6                tfm_crypto_hash_interface
 .text.tfm_crypto_mac_interface
                0x00000000000004ac        0x6 secure_fw/partitions/crypto/libtfm_psa_rot_partition_crypto.a(crypto_mac.o)
                0x00000000000004ac                tfm_crypto_mac_interface
 .text.tfm_crypto_aead_interface
                0x00000000000004b2        0x6 secure_fw/partitions/crypto/libtfm_psa_rot_partition_crypto.a(crypto_aead.o)
                0x00000000000004b2                tfm_crypto_aead_interface
 .text.tfm_crypto_asymmetric_sign_interface
                0x00000000000004b8        0x6 secure_fw/partitions/crypto/libtfm_psa_rot_partition_crypto.a(crypto_asymmetric.o)
                0x00000000000004b8                tfm_crypto_asymmetric_sign_interface
 .text.tfm_crypto_asymmetric_encrypt_interface
                0x00000000000004be        0x6 secure_fw/partitions/crypto/libtfm_psa_rot_partition_crypto.a(crypto_asymmetric.o)
                0x00000000000004be                tfm_crypto_asymmetric_encrypt_interface
 .text.tfm_crypto_key_derivation_interface
                0x00000000000004c4        0x6 secure_fw/partitions/crypto/libtfm_psa_rot_partition_crypto.a(crypto_key_derivation.o)
                0x00000000000004c4                tfm_crypto_key_derivation_interface
 .text.tfm_crypto_key_management_interface
                0x00000000000004ca        0x6 secure_fw/partitions/crypto/libtfm_psa_rot_partition_crypto.a(crypto_key_management.o)
                0x00000000000004ca                tfm_crypto_key_management_interface
 .text.tfm_crypto_random_interface
                0x00000000000004d0        0x8 secure_fw/partitions/crypto/libtfm_psa_rot_partition_crypto.a(crypto_rng.o)
                0x00000000000004d0                tfm_crypto_random_interface
 .text.tfm_crypto_pake_interface
                0x00000000000004d8        0x6 secure_fw/partitions/crypto/libtfm_psa_rot_partition_crypto.a(crypto_pake.o)
                0x00000000000004d8                tfm_crypto_pake_interface
 .text.tfm_platform_service_sfn
                0x00000000000004de      0x114 secure_fw/partitions/platform/libtfm_psa_rot_partition_platform.a(platform_sp.o)
                0x00000000000004de                tfm_platform_service_sfn
 .text.platform_sp_init
                0x00000000000005f2        0x4 secure_fw/partitions/platform/libtfm_psa_rot_partition_platform.a(platform_sp.o)
                0x00000000000005f2                platform_sp_init
 *tfm_psa_rot_partition*:(SORT_BY_ALIGNMENT(.rodata*))
 .rodata.tfm_crypto_library_get_info.str1.1
                0x00000000000005f6        0xf secure_fw/partitions/crypto/libtfm_psa_rot_partition_crypto.a(crypto_library.o)
 *(TFM_*_PSA-ROT_ATTR_FN)
                0x0000000000000620                . = ALIGN (0x20)
 *fill*         0x0000000000000605       0x1b 
                0x0000000000000200                Image$$TFM_PSA_ROT_LINKER$$RO$$Base = ADDR (.TFM_PSA_ROT_LINKER)
                0x0000000000000620                Image$$TFM_PSA_ROT_LINKER$$RO$$Limit = (ADDR (.TFM_PSA_ROT_LINKER) + SIZEOF (.TFM_PSA_ROT_LINKER))
                0x0000000000000200                Image$$TFM_PSA_ROT_LINKER$$Base = ADDR (.TFM_PSA_ROT_LINKER)
                0x0000000000000620                Image$$TFM_PSA_ROT_LINKER$$Limit = (ADDR (.TFM_PSA_ROT_LINKER) + SIZEOF (.TFM_PSA_ROT_LINKER))
                0x0000000000000620                Image$$TFM_PSA_CODE_END$$Base = .
                0x0000000000000620                Image$$TFM_APP_CODE_START$$Base = .

.TFM_APP_ROT_LINKER
                0x0000000000000620        0x0
 *tfm_app_rot_partition*:(SORT_BY_ALIGNMENT(.text*))
 *tfm_app_rot_partition*:(SORT_BY_ALIGNMENT(.rodata*))
 *(TFM_*_APP-ROT_ATTR_FN)
                0x0000000000000620                . = ALIGN (0x20)
                0x0000000000000620                Image$$TFM_APP_ROT_LINKER$$RO$$Base = ADDR (.TFM_APP_ROT_LINKER)
                0x0000000000000620                Image$$TFM_APP_ROT_LINKER$$RO$$Limit = (ADDR (.TFM_APP_ROT_LINKER) + SIZEOF (.TFM_APP_ROT_LINKER))
                0x0000000000000620                Image$$TFM_APP_ROT_LINKER$$Base = ADDR (.TFM_APP_ROT_LINKER)
                0x0000000000000620                Image$$TFM_APP_ROT_LINKER$$Limit = (ADDR (.TFM_APP_ROT_LINKER) + SIZEOF (.TFM_APP_ROT_LINKER))
                0x0000000000000620                Image$$TFM_APP_CODE_END$$Base = .

.ARM.extab
 *(.ARM.extab* .gnu.linkonce.armextab.*)
                0x0000000000000620                __exidx_start = .

.ARM.exidx      0x0000000000000620        0x8
 *(.ARM.exidx* .gnu.linkonce.armexidx.*)
 .ARM.exidx     0x0000000000000620        0x8 c:/ncs/toolchains/ce3b5ff664/opt/zephyr-sdk/arm-zephyr-eabi/bin/../lib/gcc/arm-zephyr-eabi/12.2.0/../../../../arm-zephyr-eabi/lib/thumb/v8-m.main+fp/hard/crt0.o
                                         0x10 (size before relaxing)
                0x0000000000000628                __exidx_end = .

.ER_TFM_CODE    0x0000000000000628     0x2ff0
                0x0000000000000628                . = ALIGN (0x4)
                0x0000000000000628                __copy_table_start__ = .
                0x0000000000000628        0x4 LONG 0x7c40 LOADADDR (.TFM_DATA)
                0x000000000000062c        0x4 LONG 0x20001080 ADDR (.TFM_DATA)
                0x0000000000000630        0x4 LONG 0x4a (SIZEOF (.TFM_DATA) / 0x4)
                0x0000000000000634        0x4 LONG 0x7c40 LOADADDR (.TFM_PSA_ROT_LINKER_DATA)
                0x0000000000000638        0x4 LONG 0x20000c20 ADDR (.TFM_PSA_ROT_LINKER_DATA)
                0x000000000000063c        0x4 LONG 0x0 (SIZEOF (.TFM_PSA_ROT_LINKER_DATA) / 0x4)
                0x0000000000000640        0x4 LONG 0x7c40 LOADADDR (.TFM_APP_ROT_LINKER_DATA)
                0x0000000000000644        0x4 LONG 0x20000c00 ADDR (.TFM_APP_ROT_LINKER_DATA)
                0x0000000000000648        0x4 LONG 0x0 (SIZEOF (.TFM_APP_ROT_LINKER_DATA) / 0x4)
                0x000000000000064c                __copy_table_end__ = .
                0x000000000000064c                . = ALIGN (0x4)
                0x000000000000064c                __zero_table_start__ = .
                0x000000000000064c        0x4 LONG 0x200011a8 ADDR (.TFM_BSS)
                0x0000000000000650        0x4 LONG 0x5c4 (SIZEOF (.TFM_BSS) / 0x4)
                0x0000000000000654        0x4 LONG 0x20000c20 ADDR (.TFM_PSA_ROT_LINKER_BSS)
                0x0000000000000658        0x4 LONG 0x118 (SIZEOF (.TFM_PSA_ROT_LINKER_BSS) / 0x4)
                0x000000000000065c        0x4 LONG 0x20000c00 ADDR (.TFM_APP_ROT_LINKER_BSS)
                0x0000000000000660        0x4 LONG 0x8 (SIZEOF (.TFM_APP_ROT_LINKER_BSS) / 0x4)
                0x0000000000000664                __zero_table_end__ = .
 *startup*(.text*)
 .text.default_irq_handler
                0x0000000000000664        0x4 secure_fw/CMakeFiles/tfm_s.dir/__/platform/ext/target/nordic_nrf/common/core/startup.o
                0x0000000000000664                default_irq_handler
 .text.Reset_Handler
                0x0000000000000668       0xa4 secure_fw/CMakeFiles/tfm_s.dir/__/platform/ext/target/nordic_nrf/common/core/startup.o
                0x0000000000000668                Reset_Handler
 .text.default_tfm_IRQHandler
                0x000000000000070c       0x1c secure_fw/CMakeFiles/tfm_s.dir/__/platform/ext/target/nordic_nrf/common/core/startup_nrf91.o
                0x000000000000070c                TIMER2_IRQHandler
                0x000000000000070c                DebugMon_Handler
                0x000000000000070c                RTC0_IRQHandler
                0x000000000000070c                SysTick_Handler
                0x000000000000070c                PWM1_IRQHandler
                0x000000000000070c                PendSV_Handler
                0x000000000000070c                NMI_Handler
                0x000000000000070c                PDM_IRQHandler
                0x000000000000070c                default_tfm_IRQHandler
                0x000000000000070c                IPC_IRQHandler
                0x000000000000070c                PWM3_IRQHandler
                0x000000000000070c                FPU_IRQHandler
                0x000000000000070c                EGU3_IRQHandler
                0x000000000000070c                KMU_IRQHandler
                0x000000000000070c                CRYPTOCELL_IRQHandler
                0x000000000000070c                I2S_IRQHandler
                0x000000000000070c                EGU2_IRQHandler
                0x000000000000070c                TIMER0_IRQHandler
                0x000000000000070c                EGU4_IRQHandler
                0x000000000000070c                EGU0_IRQHandler
                0x000000000000070c                GPIOTE1_IRQHandler
                0x000000000000070c                TIMER1_IRQHandler
                0x000000000000070c                PWM2_IRQHandler
                0x000000000000070c                EGU1_IRQHandler
                0x000000000000070c                EGU5_IRQHandler
                0x000000000000070c                UARTE3_SPIM3_SPIS3_TWIM3_TWIS3_IRQHandler
                0x000000000000070c                SAADC_IRQHandler
                0x000000000000070c                GPIOTE0_IRQHandler
                0x000000000000070c                WDT_IRQHandler
                0x000000000000070c                SPIM0_SPIS0_TWIM0_TWIS0_UARTE0_IRQHandler
                0x000000000000070c                SPIM2_SPIS2_TWIM2_TWIS2_UARTE2_IRQHandler
                0x000000000000070c                PWM0_IRQHandler
                0x000000000000070c                RTC1_IRQHandler
                0x000000000000070c                SPIM1_SPIS1_TWIM1_TWIS1_UARTE1_IRQHandler
                0x000000000000070c                CLOCK_POWER_IRQHandler
 *libplatform_s*:(SORT_BY_ALIGNMENT(.text*))
 .text.uicr_HFXOCNT_erased
                0x0000000000000728       0x40 platform/libplatform_s.a(system_nrf91.o)
 .text.uicr_HFXOSRC_erased
                0x0000000000000768       0x3c platform/libplatform_s.a(system_nrf91.o)
 .text.SystemInit
                0x00000000000007a4      0x190 platform/libplatform_s.a(system_nrf91.o)
                0x00000000000007a4                SystemInit
 .text.tfm_exception_info_get_context
                0x0000000000000934        0xc platform/libplatform_s.a(exception_info.o)
                0x0000000000000934                tfm_exception_info_get_context
 .text.store_and_dump_context
                0x0000000000000940      0x114 platform/libplatform_s.a(exception_info.o)
                0x0000000000000940                store_and_dump_context
 .text.stdio_output_string
                0x0000000000000a54       0x40 platform/libplatform_s.a(uart_stdout.o)
                0x0000000000000a54                stdio_output_string
 .text.stdio_init
                0x0000000000000a94       0x2c platform/libplatform_s.a(uart_stdout.o)
                0x0000000000000a94                stdio_init
 .text.stdio_uninit
                0x0000000000000ac0       0x18 platform/libplatform_s.a(uart_stdout.o)
                0x0000000000000ac0                stdio_uninit
 .text.ARM_USART_GetVersion
                0x0000000000000ad8       0x20 platform/libplatform_s.a(Driver_USART.o)
 .text.ARM_USART1_GetTxCount
                0x0000000000000af8        0xc platform/libplatform_s.a(Driver_USART.o)
 .text.ARM_USART1_GetRxCount
                0x0000000000000b04        0xc platform/libplatform_s.a(Driver_USART.o)
 .text.ARM_USART1_Receive
                0x0000000000000b10       0x3c platform/libplatform_s.a(Driver_USART.o)
 .text.ARM_USARTx_Send.constprop.0
                0x0000000000000b4c       0x78 platform/libplatform_s.a(Driver_USART.o)
 .text.ARM_USART1_Control
                0x0000000000000bc4      0x178 platform/libplatform_s.a(Driver_USART.o)
 .text.ARM_USART1_Uninitialize
                0x0000000000000d3c       0x4c platform/libplatform_s.a(Driver_USART.o)
 .text.ARM_USART1_Initialize
                0x0000000000000d88       0xa4 platform/libplatform_s.a(Driver_USART.o)
 .text.on_rx_disabled
                0x0000000000000e2c       0x64 platform/libplatform_s.a(nrfx_uarte.o)
 .text.nrf_gpio_cfg_input.constprop.0
                0x0000000000000e90       0x30 platform/libplatform_s.a(nrfx_uarte.o)
 .text.blocking_tx
                0x0000000000000ec0      0x1b8 platform/libplatform_s.a(nrfx_uarte.o)
 .text.nrf_gpio_pin_set
                0x0000000000001078       0x18 platform/libplatform_s.a(nrfx_uarte.o)
 .text.nrf_gpio_cfg_output
                0x0000000000001090       0x34 platform/libplatform_s.a(nrfx_uarte.o)
 .text.uarte_configure
                0x00000000000010c4      0x178 platform/libplatform_s.a(nrfx_uarte.o)
 .text.nrf_gpio_cfg_default
                0x000000000000123c       0x34 platform/libplatform_s.a(nrfx_uarte.o)
 .text.nrfx_uarte_init
                0x0000000000001270      0x16c platform/libplatform_s.a(nrfx_uarte.o)
                0x0000000000001270                nrfx_uarte_init
 .text.nrfx_uarte_tx
                0x00000000000013dc       0xd8 platform/libplatform_s.a(nrfx_uarte.o)
                0x00000000000013dc                nrfx_uarte_tx
 .text.nrfx_uarte_tx_abort
                0x00000000000014b4       0xb8 platform/libplatform_s.a(nrfx_uarte.o)
                0x00000000000014b4                nrfx_uarte_tx_abort
 .text.nrfx_uarte_rx_enable
                0x000000000000156c      0x144 platform/libplatform_s.a(nrfx_uarte.o)
                0x000000000000156c                nrfx_uarte_rx_enable
 .text.nrfx_uarte_rx_buffer_set
                0x00000000000016b0      0x138 platform/libplatform_s.a(nrfx_uarte.o)
                0x00000000000016b0                nrfx_uarte_rx_buffer_set
 .text.nrfx_uarte_rx_abort
                0x00000000000017e8      0x108 platform/libplatform_s.a(nrfx_uarte.o)
                0x00000000000017e8                nrfx_uarte_rx_abort
 .text.nrfx_uarte_uninit
                0x00000000000018f0       0xd0 platform/libplatform_s.a(nrfx_uarte.o)
                0x00000000000018f0                nrfx_uarte_uninit
 .text.nrfx_uarte_rx_ready
                0x00000000000019c0       0x44 platform/libplatform_s.a(nrfx_uarte.o)
                0x00000000000019c0                nrfx_uarte_rx_ready
 .text.nrfx_uarte_rx
                0x0000000000001a04       0x74 platform/libplatform_s.a(nrfx_uarte.o)
                0x0000000000001a04                nrfx_uarte_rx
 .text.nrfx_critical_section_enter
                0x0000000000001a78       0x10 platform/libplatform_s.a(nrfx_glue.o)
                0x0000000000001a78                nrfx_critical_section_enter
 .text.nrfx_critical_section_exit
                0x0000000000001a88       0x14 platform/libplatform_s.a(nrfx_glue.o)
                0x0000000000001a88                nrfx_critical_section_exit
 .text.spu_enable_interrupts
                0x0000000000001a9c       0x10 platform/libplatform_s.a(spu.o)
                0x0000000000001a9c                spu_enable_interrupts
 .text.spu_events_get
                0x0000000000001aac       0x28 platform/libplatform_s.a(spu.o)
                0x0000000000001aac                spu_events_get
 .text.spu_clear_events
                0x0000000000001ad4       0x24 platform/libplatform_s.a(spu.o)
                0x0000000000001ad4                spu_clear_events
 .text.spu_regions_reset_unlocked_secure
                0x0000000000001af8       0x30 platform/libplatform_s.a(spu.o)
                0x0000000000001af8                spu_regions_reset_unlocked_secure
 .text.spu_regions_flash_config
                0x0000000000001b28       0x2c platform/libplatform_s.a(spu.o)
                0x0000000000001b28                spu_regions_flash_config
 .text.spu_regions_sram_config
                0x0000000000001b54       0x34 platform/libplatform_s.a(spu.o)
                0x0000000000001b54                spu_regions_sram_config
 .text.spu_regions_flash_config_non_secure_callable
                0x0000000000001b88       0x30 platform/libplatform_s.a(spu.o)
                0x0000000000001b88                spu_regions_flash_config_non_secure_callable
 .text.spu_regions_sram_get_last_address_in_region
                0x0000000000001bb8        0xc platform/libplatform_s.a(spu.o)
                0x0000000000001bb8                spu_regions_sram_get_last_address_in_region
 .text.spu_peripheral_config_secure
                0x0000000000001bc4       0x1c platform/libplatform_s.a(spu.o)
                0x0000000000001bc4                spu_peripheral_config_secure
 .text.spu_peripheral_config_non_secure
                0x0000000000001be0       0x18 platform/libplatform_s.a(spu.o)
                0x0000000000001be0                spu_peripheral_config_non_secure
 .text.mpu_armv8m_enable
                0x0000000000001bf8       0x34 platform/libplatform_s.a(mpu_armv8m_drv.o)
                0x0000000000001bf8                mpu_armv8m_enable
 .text.nrf_exception_info_store_context
                0x0000000000001c2c       0x20 platform/libplatform_s.a(nrf_exception_info.o)
                0x0000000000001c2c                nrf_exception_info_store_context
 .text.nrf_exception_info_get_context
                0x0000000000001c4c        0xc platform/libplatform_s.a(nrf_exception_info.o)
                0x0000000000001c4c                nrf_exception_info_get_context
 .text.tfm_hal_platform_init
                0x0000000000001c58       0x44 platform/libplatform_s.a(tfm_hal_platform.o)
                0x0000000000001c58                tfm_hal_platform_init
 .text.ns_fault_service_set_handler
                0x0000000000001c9c       0x14 platform/libplatform_s.a(ns_fault_service.o)
                0x0000000000001c9c                ns_fault_service_set_handler
 .text.call_ns_callback
                0x0000000000001cb0       0xe8 platform/libplatform_s.a(ns_fault_service.o)
                0x0000000000001cb0                call_ns_callback
 .text.ns_fault_service_call_handler
                0x0000000000001d98       0x34 platform/libplatform_s.a(ns_fault_service.o)
                0x0000000000001d98                ns_fault_service_call_handler
 .text.tfm_platform_hal_system_reset
                0x0000000000001dcc       0x24 platform/libplatform_s.a(tfm_platform_system.o)
                0x0000000000001dcc                tfm_platform_hal_system_reset
 .text.tfm_platform_hal_read_service
                0x0000000000001df0       0x84 platform/libplatform_s.a(tfm_platform_hal_ioctl.o)
                0x0000000000001df0                tfm_platform_hal_read_service
 .text.nrf91_errata_6
                0x0000000000001e74       0x1e platform/libplatform_s.a(system_nrf91.o)
 .text.nrf91_errata_14
                0x0000000000001e92       0x24 platform/libplatform_s.a(system_nrf91.o)
 .text.tfm_hal_output_spm_log
                0x0000000000001eb6        0x4 platform/libplatform_s.a(tfm_hal_spm_logdev_peripheral.o)
                0x0000000000001eb6                tfm_hal_output_spm_log
 .text.ARM_USART_GetCapabilities
                0x0000000000001eba        0x4 platform/libplatform_s.a(Driver_USART.o)
 .text.ARM_USART_Transfer
                0x0000000000001ebe        0x6 platform/libplatform_s.a(Driver_USART.o)
 .text.ARM_USART_GetStatus
                0x0000000000001ec4        0xc platform/libplatform_s.a(Driver_USART.o)
 .text.ARM_USART_SetModemControl
                0x0000000000001ed0        0x6 platform/libplatform_s.a(Driver_USART.o)
 .text.ARM_USART_GetModemStatus
                0x0000000000001ed6        0xc platform/libplatform_s.a(Driver_USART.o)
 .text.ARM_USART1_PowerControl
                0x0000000000001ee2        0xc platform/libplatform_s.a(Driver_USART.o)
 .text.ARM_USART1_Send
                0x0000000000001eee        0x4 platform/libplatform_s.a(Driver_USART.o)
 .text.uart_config_set_uart_pins
                0x0000000000001ef2       0x3c platform/libplatform_s.a(Driver_USART.o)
                0x0000000000001ef2                uart_config_set_uart_pins
 .text.is_tx_ready
                0x0000000000001f2e       0x1a platform/libplatform_s.a(nrfx_uarte.o)
 .text.user_handler
                0x0000000000001f48       0x22 platform/libplatform_s.a(nrfx_uarte.o)
 .text.user_handler_on_rx_done
                0x0000000000001f6a       0x28 platform/libplatform_s.a(nrfx_uarte.o)
 .text.disable_hw_from_rx
                0x0000000000001f92       0x24 platform/libplatform_s.a(nrfx_uarte.o)
 .text.rx_flush.part.0
                0x0000000000001fb6       0x66 platform/libplatform_s.a(nrfx_uarte.o)
 .text.disable_hw_from_tx
                0x000000000000201c       0x16 platform/libplatform_s.a(nrfx_uarte.o)
 .text.tx_prepare_start.isra.0
                0x0000000000002032       0x7e platform/libplatform_s.a(nrfx_uarte.o)
 .text.spu_regions_flash_get_base_address_in_region
                0x00000000000020b0        0x4 platform/libplatform_s.a(spu.o)
                0x00000000000020b0                spu_regions_flash_get_base_address_in_region
 .text.spu_regions_flash_get_last_address_in_region
                0x00000000000020b4        0xa platform/libplatform_s.a(spu.o)
                0x00000000000020b4                spu_regions_flash_get_last_address_in_region
 .text.spu_regions_flash_get_start_id
                0x00000000000020be        0x4 platform/libplatform_s.a(spu.o)
                0x00000000000020be                spu_regions_flash_get_start_id
 .text.spu_regions_flash_get_last_id
                0x00000000000020c2        0x4 platform/libplatform_s.a(spu.o)
                0x00000000000020c2                spu_regions_flash_get_last_id
 .text.spu_regions_flash_get_region_size
                0x00000000000020c6        0x6 platform/libplatform_s.a(spu.o)
                0x00000000000020c6                spu_regions_flash_get_region_size
 .text.spu_regions_sram_get_base_address_in_region
                0x00000000000020cc        0xa platform/libplatform_s.a(spu.o)
                0x00000000000020cc                spu_regions_sram_get_base_address_in_region
 .text.spu_regions_sram_get_start_id
                0x00000000000020d6        0x4 platform/libplatform_s.a(spu.o)
                0x00000000000020d6                spu_regions_sram_get_start_id
 .text.spu_regions_sram_get_last_id
                0x00000000000020da        0x4 platform/libplatform_s.a(spu.o)
                0x00000000000020da                spu_regions_sram_get_last_id
 .text.spu_regions_sram_get_region_size
                0x00000000000020de        0x6 platform/libplatform_s.a(spu.o)
                0x00000000000020de                spu_regions_sram_get_region_size
 .text.mpu_armv8m_region_enable
                0x00000000000020e4       0x6a platform/libplatform_s.a(mpu_armv8m_drv.o)
                0x00000000000020e4                mpu_armv8m_region_enable
 .text.mpu_armv8m_region_disable
                0x000000000000214e       0x14 platform/libplatform_s.a(mpu_armv8m_drv.o)
                0x000000000000214e                mpu_armv8m_region_disable
 .text.mpu_armv8m_clean
                0x0000000000002162       0x22 platform/libplatform_s.a(mpu_armv8m_drv.o)
                0x0000000000002162                mpu_armv8m_clean
 .text.tfm_plat_otp_init
                0x0000000000002184        0x4 platform/libplatform_s.a(dummy_otp.o)
                0x0000000000002184                tfm_plat_otp_init
 .text.tfm_hal_system_halt
                0x0000000000002188        0xc platform/libplatform_s.a(tfm_hal_reset_halt.o)
                0x0000000000002188                tfm_hal_system_halt
 .text.tfm_plat_provisioning_is_required
                0x0000000000002194        0x4 platform/libplatform_s.a(dummy_provisioning.o)
                0x0000000000002194                tfm_plat_provisioning_is_required
 .text.tfm_plat_provisioning_perform
                0x0000000000002198        0x4 platform/libplatform_s.a(dummy_provisioning.o)
                0x0000000000002198                tfm_plat_provisioning_perform
 .text.tfm_plat_provisioning_check_for_dummy_keys
                0x000000000000219c        0x2 platform/libplatform_s.a(dummy_provisioning.o)
                0x000000000000219c                tfm_plat_provisioning_check_for_dummy_keys
 .text.tfm_platform_hal_ioctl
                0x000000000000219e       0x6e platform/libplatform_s.a(tfm_platform_system.o)
                0x000000000000219e                tfm_platform_hal_ioctl
 *libtfm_spm*:(SORT_BY_ALIGNMENT(.text*))
 .text.spm_log_msgval
                0x000000000000220c       0x58 secure_fw/spm/libtfm_spm.a(spm_log.o)
                0x000000000000220c                spm_log_msgval
 .text.startup.main
                0x0000000000002264       0x80 secure_fw/spm/libtfm_spm.a(main.o)
                0x0000000000002264                main
 .text.spm_associate_call_params
                0x00000000000022e4      0x16c secure_fw/spm/libtfm_spm.a(psa_call_api.o)
                0x00000000000022e4                spm_associate_call_params
 .text.tfm_spm_partition_psa_read
                0x0000000000002450       0x74 secure_fw/spm/libtfm_spm.a(psa_read_write_skip_api.o)
                0x0000000000002450                tfm_spm_partition_psa_read
 .text.tfm_spm_partition_psa_write
                0x00000000000024c4       0x74 secure_fw/spm/libtfm_spm.a(psa_read_write_skip_api.o)
                0x00000000000024c4                tfm_spm_partition_psa_write
 .text.spm_thread_fn
                0x0000000000002538       0x4c secure_fw/spm/libtfm_spm.a(backend_sfn.o)
 .text.backend_messaging
                0x0000000000002584       0x50 secure_fw/spm/libtfm_spm.a(backend_sfn.o)
                0x0000000000002584                backend_messaging
 .text.backend_replying
                0x00000000000025d4       0x10 secure_fw/spm/libtfm_spm.a(backend_sfn.o)
                0x00000000000025d4                backend_replying
 .text.backend_init_comp_assuredly
                0x00000000000025e4       0x5c secure_fw/spm/libtfm_spm.a(backend_sfn.o)
                0x00000000000025e4                backend_init_comp_assuredly
 .text.spm_svc_handler
                0x0000000000002640       0x8c secure_fw/spm/libtfm_spm.a(tfm_svcalls.o)
                0x0000000000002640                spm_svc_handler
 .text.SVC_Handler
                0x00000000000026cc       0x68 secure_fw/spm/libtfm_spm.a(tfm_arch_v8m_main.o)
                0x00000000000026cc                SVC_Handler
 .text.tfm_arch_set_secure_exception_priorities
                0x0000000000002734       0x28 secure_fw/spm/libtfm_spm.a(tfm_arch_v8m_main.o)
                0x0000000000002734                tfm_arch_set_secure_exception_priorities
 .text.tfm_arch_config_extensions
                0x000000000000275c       0x4c secure_fw/spm/libtfm_spm.a(tfm_arch_v8m_main.o)
                0x000000000000275c                tfm_arch_config_extensions
 .text.ns_agent_tz_main
                0x00000000000027a8       0x60 secure_fw/spm/libtfm_spm.a(ns_agent_tz_v80m.o)
                0x00000000000027a8                ns_agent_tz_main
 .text.tfm_hal_bind_boundary
                0x0000000000002808       0x78 secure_fw/spm/libtfm_spm.a(tfm_hal_isolation.o)
                0x0000000000002808                tfm_hal_bind_boundary
 .text.mpu_init_cfg
                0x0000000000002880       0xf0 secure_fw/spm/libtfm_spm.a(tfm_hal_isolation.o)
                0x0000000000002880                mpu_init_cfg
 .text.tfm_hal_get_ns_VTOR
                0x0000000000002970        0xc secure_fw/spm/libtfm_spm.a(tfm_hal_platform_common.o)
                0x0000000000002970                tfm_hal_get_ns_VTOR
 .text.tfm_hal_get_ns_MSP
                0x000000000000297c        0xc secure_fw/spm/libtfm_spm.a(tfm_hal_platform_common.o)
                0x000000000000297c                tfm_hal_get_ns_MSP
 .text.tfm_hal_get_ns_entry_point
                0x0000000000002988        0xc secure_fw/spm/libtfm_spm.a(tfm_hal_platform_common.o)
                0x0000000000002988                tfm_hal_get_ns_entry_point
 .text.SPU_Handler
                0x0000000000002994       0x3c secure_fw/spm/libtfm_spm.a(faults.o)
                0x0000000000002994                SPU_Handler
 .text.enable_fault_handlers
                0x00000000000029d0       0x14 secure_fw/spm/libtfm_spm.a(target_cfg.o)
                0x00000000000029d0                enable_fault_handlers
 .text.system_reset_cfg
                0x00000000000029e4       0x18 secure_fw/spm/libtfm_spm.a(target_cfg.o)
                0x00000000000029e4                system_reset_cfg
 .text.nvic_interrupt_target_state_cfg
                0x00000000000029fc       0x40 secure_fw/spm/libtfm_spm.a(target_cfg.o)
                0x00000000000029fc                nvic_interrupt_target_state_cfg
 .text.nvic_interrupt_enable
                0x0000000000002a3c       0x18 secure_fw/spm/libtfm_spm.a(target_cfg.o)
                0x0000000000002a3c                nvic_interrupt_enable
 .text.sau_and_idau_cfg
                0x0000000000002a54       0x20 secure_fw/spm/libtfm_spm.a(target_cfg.o)
                0x0000000000002a54                sau_and_idau_cfg
 .text.spu_init_cfg
                0x0000000000002a74       0x7c secure_fw/spm/libtfm_spm.a(target_cfg.o)
                0x0000000000002a74                spu_init_cfg
 .text.spu_periph_init_cfg
                0x0000000000002af0       0x4c secure_fw/spm/libtfm_spm.a(target_cfg.o)
                0x0000000000002af0                spu_periph_init_cfg
 .text.tfm_core_validate_boot_data
                0x0000000000002b3c        0xc secure_fw/spm/libtfm_spm.a(tfm_boot_data.o)
                0x0000000000002b3c                tfm_core_validate_boot_data
 .text.tfm_core_get_boot_data_handler
                0x0000000000002b48       0x34 secure_fw/spm/libtfm_spm.a(tfm_boot_data.o)
                0x0000000000002b48                tfm_core_get_boot_data_handler
 .text.tfm_arch_init_context
                0x0000000000002b7c       0x5c secure_fw/spm/libtfm_spm.a(tfm_arch.o)
                0x0000000000002b7c                tfm_arch_init_context
 .text.tfm_spm_get_service_by_sid
                0x0000000000002bd8       0x2c secure_fw/spm/libtfm_spm.a(spm_ipc.o)
                0x0000000000002bd8                tfm_spm_get_service_by_sid
 .text.tfm_spm_check_authorization
                0x0000000000002c04       0x44 secure_fw/spm/libtfm_spm.a(spm_ipc.o)
                0x0000000000002c04                tfm_spm_check_authorization
 .text.spm_init_connection
                0x0000000000002c48       0x30 secure_fw/spm/libtfm_spm.a(spm_ipc.o)
                0x0000000000002c48                spm_init_connection
 .text.tfm_spm_partition_get_running_partition_id
                0x0000000000002c78       0x18 secure_fw/spm/libtfm_spm.a(spm_ipc.o)
                0x0000000000002c78                tfm_spm_partition_get_running_partition_id
 .text.tfm_spm_is_ns_caller
                0x0000000000002c90       0x20 secure_fw/spm/libtfm_spm.a(spm_ipc.o)
                0x0000000000002c90                tfm_spm_is_ns_caller
 .text.spm_get_connection
                0x0000000000002cb0       0x78 secure_fw/spm/libtfm_spm.a(spm_ipc.o)
                0x0000000000002cb0                spm_get_connection
 .text.tfm_spm_init
                0x0000000000002d28       0x64 secure_fw/spm/libtfm_spm.a(spm_ipc.o)
                0x0000000000002d28                tfm_spm_init
 .text.load_a_partition_assuredly
                0x0000000000002d8c       0xc8 secure_fw/spm/libtfm_spm.a(rom_loader.o)
                0x0000000000002d8c                load_a_partition_assuredly
 .text.load_services_assuredly
                0x0000000000002e54       0xb4 secure_fw/spm/libtfm_spm.a(rom_loader.o)
                0x0000000000002e54                load_services_assuredly
 .text.tfm_nspm_ctx_init
                0x0000000000002f08       0x18 secure_fw/spm/libtfm_spm.a(tfm_spm_ns_ctx.o)
                0x0000000000002f08                tfm_nspm_ctx_init
 .text.tfm_core_panic
                0x0000000000002f20        0x4 secure_fw/spm/libtfm_spm.a(utilities.o)
                0x0000000000002f20                tfm_core_panic
 .text.spm_handle_programmer_errors
                0x0000000000002f24       0x18 secure_fw/spm/libtfm_spm.a(psa_api.o)
                0x0000000000002f24                spm_handle_programmer_errors
 .text.tfm_spm_partition_psa_reply
                0x0000000000002f3c       0x9a secure_fw/spm/libtfm_spm.a(psa_api.o)
                0x0000000000002f3c                tfm_spm_partition_psa_reply
 .text.tfm_spm_partition_psa_panic
                0x0000000000002fd6        0xc secure_fw/spm/libtfm_spm.a(psa_api.o)
                0x0000000000002fd6                tfm_spm_partition_psa_panic
 .text.tfm_spm_client_psa_call
                0x0000000000002fe2       0x4e secure_fw/spm/libtfm_spm.a(psa_call_api.o)
                0x0000000000002fe2                tfm_spm_client_psa_call
 .text.tfm_spm_client_psa_framework_version
                0x0000000000003030        0x6 secure_fw/spm/libtfm_spm.a(psa_version_api.o)
                0x0000000000003030                tfm_spm_client_psa_framework_version
 .text.tfm_spm_client_psa_version
                0x0000000000003036       0x2c secure_fw/spm/libtfm_spm.a(psa_version_api.o)
                0x0000000000003036                tfm_spm_client_psa_version
 .text.backend_system_run
                0x0000000000003062        0x6 secure_fw/spm/libtfm_spm.a(backend_sfn.o)
                0x0000000000003062                backend_system_run
 .text.tfm_core_handler_mode
                0x0000000000003068        0x4 secure_fw/spm/libtfm_spm.a(tfm_svcalls.o)
                0x0000000000003068                tfm_core_handler_mode
 .text.connection_to_handle
                0x000000000000306c        0x6 secure_fw/spm/libtfm_spm.a(spm_local_connection.o)
                0x000000000000306c                connection_to_handle
 .text.handle_to_connection
                0x0000000000003072       0x12 secure_fw/spm/libtfm_spm.a(spm_local_connection.o)
                0x0000000000003072                handle_to_connection
 .text.spm_init_connection_space
                0x0000000000003084        0x2 secure_fw/spm/libtfm_spm.a(spm_local_connection.o)
                0x0000000000003084                spm_init_connection_space
 .text.spm_allocate_connection
                0x0000000000003086        0xe secure_fw/spm/libtfm_spm.a(spm_local_connection.o)
                0x0000000000003086                spm_allocate_connection
 .text.spm_validate_connection
                0x0000000000003094        0x4 secure_fw/spm/libtfm_spm.a(spm_local_connection.o)
                0x0000000000003094                spm_validate_connection
 .text.spm_free_connection
                0x0000000000003098        0xc secure_fw/spm/libtfm_spm.a(spm_local_connection.o)
                0x0000000000003098                spm_free_connection
 .text.tfm_arch_clear_fp_data
                0x00000000000030a4       0x8a secure_fw/spm/libtfm_spm.a(tfm_arch_v8m_main.o)
                0x00000000000030a4                tfm_arch_clear_fp_data
 .text.tfm_hal_memory_check
                0x000000000000312e      0x126 secure_fw/spm/libtfm_spm.a(tfm_hal_isolation.o)
                0x000000000000312e                tfm_hal_memory_check
 .text.tfm_hal_set_up_static_boundaries
                0x0000000000003254       0x2a secure_fw/spm/libtfm_spm.a(tfm_hal_isolation.o)
                0x0000000000003254                tfm_hal_set_up_static_boundaries
 .text.tfm_hal_platform_common_init
                0x000000000000327e       0x36 secure_fw/spm/libtfm_spm.a(tfm_hal_platform_common.o)
                0x000000000000327e                tfm_hal_platform_common_init
 .text.SPU_IRQHandler
                0x00000000000032b4       0x1c secure_fw/spm/libtfm_spm.a(faults.o)
                0x00000000000032b4                SPU_IRQHandler
 .text.init_debug
                0x00000000000032d0        0x4 secure_fw/spm/libtfm_spm.a(target_cfg.o)
                0x00000000000032d0                init_debug
 .text.tfm_arch_free_msp_and_exc_ret
                0x00000000000032d4        0xc secure_fw/spm/libtfm_spm.a(tfm_arch.o)
                0x00000000000032d4                tfm_arch_free_msp_and_exc_ret
 .text.tfm_arch_refresh_hardware_context
                0x00000000000032e0       0x16 secure_fw/spm/libtfm_spm.a(tfm_arch.o)
                0x00000000000032e0                tfm_arch_refresh_hardware_context
 .text.tfm_spm_check_client_version
                0x00000000000032f6       0x24 secure_fw/spm/libtfm_spm.a(spm_ipc.o)
                0x00000000000032f6                tfm_spm_check_client_version
 .text.spm_msg_handle_to_connection
                0x000000000000331a       0x28 secure_fw/spm/libtfm_spm.a(spm_ipc.o)
                0x000000000000331a                spm_msg_handle_to_connection
 .text.tfm_spm_get_client_id
                0x0000000000003342       0x20 secure_fw/spm/libtfm_spm.a(spm_ipc.o)
                0x0000000000003342                tfm_spm_get_client_id
 .text.update_caller_outvec_len
                0x0000000000003362       0x1e secure_fw/spm/libtfm_spm.a(spm_ipc.o)
                0x0000000000003362                update_caller_outvec_len
 .text.load_irqs_assuredly
                0x0000000000003380        0x2 secure_fw/spm/libtfm_spm.a(rom_loader.o)
                0x0000000000003380                load_irqs_assuredly
 .text.tfm_nspm_get_current_client_id
                0x0000000000003382        0x6 secure_fw/spm/libtfm_spm.a(tfm_spm_ns_ctx.o)
                0x0000000000003382                tfm_nspm_get_current_client_id
 *libplatform_s*:*(.rodata*)
 .rodata.store_and_dump_context.str1.1
                0x0000000000003388       0x8b platform/libplatform_s.a(exception_info.o)
 *fill*         0x0000000000003413        0x1 
 .rodata.Driver_USART1
                0x0000000000003414       0x38 platform/libplatform_s.a(Driver_USART.o)
                0x0000000000003414                Driver_USART1
 .rodata.UART1_pins
                0x000000000000344c        0x8 platform/libplatform_s.a(Driver_USART.o)
 .rodata.DriverVersion
                0x0000000000003454        0x4 platform/libplatform_s.a(Driver_USART.o)
 *fill*         0x0000000000003458        0x8 
 .rodata.delay_machine_code.0
                0x0000000000003460        0x6 platform/libplatform_s.a(nrfx_uarte.o)
 .rodata.nrf_exception_info_store_context.str1.1
                0x0000000000003466       0x16 platform/libplatform_s.a(nrf_exception_info.o)
 .rodata.tfm_hal_platform_init.str1.1
                0x000000000000347c       0x2e platform/libplatform_s.a(tfm_hal_platform.o)
 *libtfm_spm*:*(.rodata*)
 .rodata.HEX_TABLE
                0x00000000000034aa       0x10 secure_fw/spm/libtfm_spm.a(spm_log.o)
 .rodata.main.str1.1
                0x00000000000034ba       0x8a secure_fw/spm/libtfm_spm.a(main.o)
 .rodata.spm_svc_handler.str1.1
                0x0000000000003544       0x3b secure_fw/spm/libtfm_spm.a(tfm_svcalls.o)
 *fill*         0x000000000000357f        0x1 
 .rodata.target_peripherals.0
                0x0000000000003580       0x70 secure_fw/spm/libtfm_spm.a(target_cfg.o)
 .rodata.memory_regions
                0x00000000000035f0       0x1c secure_fw/spm/libtfm_spm.a(target_cfg.o)
                0x00000000000035f0                memory_regions
 .rodata.serv_pool_ea
                0x000000000000360c        0x4 secure_fw/spm/libtfm_spm.a(rom_loader.o)
 .rodata.part_pool_ea
                0x0000000000003610        0x4 secure_fw/spm/libtfm_spm.a(rom_loader.o)
 .rodata.ldinf_ea
                0x0000000000003614        0x4 secure_fw/spm/libtfm_spm.a(rom_loader.o)

.TFM_UNPRIV_CODE
                0x0000000000003620     0x28a0
 *(SFN)
 SFN            0x0000000000003620       0x8c secure_fw/CMakeFiles/tfm_s.dir/partitions/ns_agent_tz/psa_api_veneers_v80m.o
                0x0000000000003620                __acle_se_tfm_psa_framework_version_veneer
                0x000000000000363e                __acle_se_tfm_psa_version_veneer
                0x000000000000365c                __acle_se_tfm_psa_call_veneer
                0x0000000000003684                __acle_se_tfm_psa_connect_veneer
                0x0000000000003696                __acle_se_tfm_psa_close_veneer
 *(SORT_BY_ALIGNMENT(.text*))
 .text          0x00000000000036ac       0x88 c:/ncs/toolchains/ce3b5ff664/opt/zephyr-sdk/arm-zephyr-eabi/bin/../lib/gcc/arm-zephyr-eabi/12.2.0/thumb/v8-m.main+fp/hard/crtbegin.o
 .text          0x0000000000003734       0x7c c:/ncs/toolchains/ce3b5ff664/opt/zephyr-sdk/arm-zephyr-eabi/bin/../lib/gcc/arm-zephyr-eabi/12.2.0/../../../../arm-zephyr-eabi/lib/thumb/v8-m.main+fp/hard/crt0.o
                0x0000000000003734                _stack_init
                0x000000000000373c                _start
                0x000000000000373c                _mainCRTStartup
 .text.tfm_psa_call_pack
                0x00000000000037b0       0x54 secure_fw/partitions/lib/runtime/libtfm_sprt.a(psa_interface_sfn.o)
                0x00000000000037b0                tfm_psa_call_pack
 .text.verify_header
                0x0000000000003804       0x40 secure_fw/partitions/crypto/mbedcrypto/nrf_security_src/libcrypto_service_mbedcrypto.a(memory_buffer_alloc.o)
 .text.verify_chain
                0x0000000000003844       0x3c secure_fw/partitions/crypto/mbedcrypto/nrf_security_src/libcrypto_service_mbedcrypto.a(memory_buffer_alloc.o)
 .text.buffer_alloc_calloc
                0x0000000000003880       0xf4 secure_fw/partitions/crypto/mbedcrypto/nrf_security_src/libcrypto_service_mbedcrypto.a(memory_buffer_alloc.o)
 .text.buffer_alloc_free
                0x0000000000003974       0xe8 secure_fw/partitions/crypto/mbedcrypto/nrf_security_src/libcrypto_service_mbedcrypto.a(memory_buffer_alloc.o)
 .text.mbedtls_memory_buffer_alloc_init
                0x0000000000003a5c       0x64 secure_fw/partitions/crypto/mbedcrypto/nrf_security_src/libcrypto_service_mbedcrypto.a(memory_buffer_alloc.o)
                0x0000000000003a5c                mbedtls_memory_buffer_alloc_init
 .text.mbedtls_free
                0x0000000000003ac0        0xc secure_fw/partitions/crypto/mbedcrypto/nrf_security_src/libcrypto_service_mbedcrypto.a(platform.o)
                0x0000000000003ac0                mbedtls_free
 .text.mbedtls_platform_set_calloc_free
                0x0000000000003acc       0x14 secure_fw/partitions/crypto/mbedcrypto/nrf_security_src/libcrypto_service_mbedcrypto.a(platform.o)
                0x0000000000003acc                mbedtls_platform_set_calloc_free
 .text.mbedtls_platform_zeroize
                0x0000000000003ae0       0x18 secure_fw/partitions/crypto/mbedcrypto/nrf_security_src/libcrypto_service_mbedcrypto.a(platform_util.o)
                0x0000000000003ae0                mbedtls_platform_zeroize
 .text.mbedcrypto__psa_generate_random
                0x0000000000003af8       0x1c secure_fw/partitions/crypto/mbedcrypto/nrf_security_src/libcrypto_service_mbedcrypto.a(psa_crypto.o)
                0x0000000000003af8                mbedcrypto__psa_generate_random
 .text.mbedtls_psa_crypto_free
                0x0000000000003b14       0x24 secure_fw/partitions/crypto/mbedcrypto/nrf_security_src/libcrypto_service_mbedcrypto.a(psa_crypto.o)
                0x0000000000003b14                mbedtls_psa_crypto_free
 .text.mbedcrypto__psa_crypto_init
                0x0000000000003b38       0x38 secure_fw/partitions/crypto/mbedcrypto/nrf_security_src/libcrypto_service_mbedcrypto.a(psa_crypto.o)
                0x0000000000003b38                mbedcrypto__psa_crypto_init
 .text.psa_initialize_key_slots
                0x0000000000003b70       0x10 secure_fw/partitions/crypto/mbedcrypto/nrf_security_src/libcrypto_service_mbedcrypto.a(psa_crypto_slot_management.o)
                0x0000000000003b70                psa_initialize_key_slots
 .text.psa_wipe_all_key_slots
                0x0000000000003b80       0x24 secure_fw/partitions/crypto/mbedcrypto/nrf_security_src/libcrypto_service_mbedcrypto.a(psa_crypto_slot_management.o)
                0x0000000000003b80                psa_wipe_all_key_slots
 .text.nrf_cc3xx_platform_init_hmac_drbg
                0x0000000000003ba4       0x44 C:/ncs/v2.7.0/nrfxlib/crypto/nrf_cc310_platform/lib/cortex-m33/hard-float/no-interrupts/libnrf_cc310_platform_0.9.19.a(nrf_cc3xx_platform.c.obj)
                0x0000000000003ba4                nrf_cc3xx_platform_init_hmac_drbg
 .text.nrf_cc3xx_platform_hmac_drbg_init
                0x0000000000003be8       0x60 C:/ncs/v2.7.0/nrfxlib/crypto/nrf_cc310_platform/lib/cortex-m33/hard-float/no-interrupts/libnrf_cc310_platform_0.9.19.a(nrf_cc3xx_platform_hmac_drbg.c.obj)
                0x0000000000003be8                nrf_cc3xx_platform_hmac_drbg_init
 .text.nrf_cc3xx_platform_hmac_drbg_get
                0x0000000000003c48       0x44 C:/ncs/v2.7.0/nrfxlib/crypto/nrf_cc310_platform/lib/cortex-m33/hard-float/no-interrupts/libnrf_cc310_platform_0.9.19.a(nrf_cc3xx_platform_hmac_drbg.c.obj)
                0x0000000000003c48                nrf_cc3xx_platform_hmac_drbg_get
 .text.mbedtls_zeroize_internal
                0x0000000000003c8c       0x14 C:/ncs/v2.7.0/nrfxlib/crypto/nrf_cc310_platform/lib/cortex-m33/hard-float/no-interrupts/libnrf_cc310_platform_0.9.19.a(mbedtls_common.c.obj)
                0x0000000000003c8c                mbedtls_zeroize_internal
 .text.cc_mbedtls_platform_zeroize
                0x0000000000003ca0       0x14 C:/ncs/v2.7.0/nrfxlib/crypto/nrf_cc310_platform/lib/cortex-m33/hard-float/no-interrupts/libnrf_cc310_platform_0.9.19.a(mbedtls_common.c.obj)
                0x0000000000003ca0                cc_mbedtls_platform_zeroize
 .text.entropy_update
                0x0000000000003cb4       0x7c C:/ncs/v2.7.0/nrfxlib/crypto/nrf_cc310_platform/lib/cortex-m33/hard-float/no-interrupts/libnrf_cc310_platform_0.9.19.a(custom_entropy.c.obj)
 .text.entropy_gather_internal.part.0
                0x0000000000003d30       0x88 C:/ncs/v2.7.0/nrfxlib/crypto/nrf_cc310_platform/lib/cortex-m33/hard-float/no-interrupts/libnrf_cc310_platform_0.9.19.a(custom_entropy.c.obj)
 .text.cc_mbedtls_entropy_init
                0x0000000000003db8       0x84 C:/ncs/v2.7.0/nrfxlib/crypto/nrf_cc310_platform/lib/cortex-m33/hard-float/no-interrupts/libnrf_cc310_platform_0.9.19.a(custom_entropy.c.obj)
                0x0000000000003db8                cc_mbedtls_entropy_init
 .text.cc_mbedtls_entropy_func
                0x0000000000003e3c      0x110 C:/ncs/v2.7.0/nrfxlib/crypto/nrf_cc310_platform/lib/cortex-m33/hard-float/no-interrupts/libnrf_cc310_platform_0.9.19.a(custom_entropy.c.obj)
                0x0000000000003e3c                cc_mbedtls_entropy_func
 .text.cc_hmac_sha256_starts.constprop.0
                0x0000000000003f4c      0x108 C:/ncs/v2.7.0/nrfxlib/crypto/nrf_cc310_platform/lib/cortex-m33/hard-float/no-interrupts/libnrf_cc310_platform_0.9.19.a(hmac_drbg_alt.c.obj)
 .text.cc_mbedtls_hmac_drbg_init
                0x0000000000004054       0x28 C:/ncs/v2.7.0/nrfxlib/crypto/nrf_cc310_platform/lib/cortex-m33/hard-float/no-interrupts/libnrf_cc310_platform_0.9.19.a(hmac_drbg_alt.c.obj)
                0x0000000000004054                cc_mbedtls_hmac_drbg_init
 .text.cc_mbedtls_hmac_drbg_update
                0x000000000000407c      0x170 C:/ncs/v2.7.0/nrfxlib/crypto/nrf_cc310_platform/lib/cortex-m33/hard-float/no-interrupts/libnrf_cc310_platform_0.9.19.a(hmac_drbg_alt.c.obj)
                0x000000000000407c                cc_mbedtls_hmac_drbg_update
 .text.cc_hmac_drbg_reseed_core
                0x00000000000041ec       0xac C:/ncs/v2.7.0/nrfxlib/crypto/nrf_cc310_platform/lib/cortex-m33/hard-float/no-interrupts/libnrf_cc310_platform_0.9.19.a(hmac_drbg_alt.c.obj)
 .text.cc_mbedtls_hmac_drbg_seed
                0x0000000000004298       0x54 C:/ncs/v2.7.0/nrfxlib/crypto/nrf_cc310_platform/lib/cortex-m33/hard-float/no-interrupts/libnrf_cc310_platform_0.9.19.a(hmac_drbg_alt.c.obj)
                0x0000000000004298                cc_mbedtls_hmac_drbg_seed
 .text.cc_mbedtls_hmac_drbg_random_with_add
                0x00000000000042ec      0x144 C:/ncs/v2.7.0/nrfxlib/crypto/nrf_cc310_platform/lib/cortex-m33/hard-float/no-interrupts/libnrf_cc310_platform_0.9.19.a(hmac_drbg_alt.c.obj)
                0x00000000000042ec                cc_mbedtls_hmac_drbg_random_with_add
 .text.RndStartupTest.constprop.0
                0x0000000000004430       0x98 C:/ncs/v2.7.0/nrfxlib/crypto/nrf_cc310_platform/lib/cortex-m33/hard-float/no-interrupts/libnrf_cc310_platform_0.9.19.a(cc_lib.c.obj)
 .text.CC_LibInit_HMAC_DRBG
                0x00000000000044c8       0xc0 C:/ncs/v2.7.0/nrfxlib/crypto/nrf_cc310_platform/lib/cortex-m33/hard-float/no-interrupts/libnrf_cc310_platform_0.9.19.a(cc_lib.c.obj)
                0x00000000000044c8                CC_LibInit_HMAC_DRBG
 .text.CC_HalInit
                0x0000000000004588        0x4 C:/ncs/v2.7.0/nrfxlib/crypto/nrf_cc310_platform/lib/cortex-m33/hard-float/no-interrupts/libnrf_cc310_platform_0.9.19.a(cc_hal.c.obj)
                0x0000000000004588                CC_HalInit
 .text.CC_HalTerminate
                0x000000000000458c        0x4 C:/ncs/v2.7.0/nrfxlib/crypto/nrf_cc310_platform/lib/cortex-m33/hard-float/no-interrupts/libnrf_cc310_platform_0.9.19.a(cc_hal.c.obj)
                0x000000000000458c                CC_HalTerminate
 .text.CC_HalClearInterruptBit
                0x0000000000004590       0x1c C:/ncs/v2.7.0/nrfxlib/crypto/nrf_cc310_platform/lib/cortex-m33/hard-float/no-interrupts/libnrf_cc310_platform_0.9.19.a(cc_hal.c.obj)
                0x0000000000004590                CC_HalClearInterruptBit
 .text.CC_HalMaskInterrupt
                0x00000000000045ac        0xc C:/ncs/v2.7.0/nrfxlib/crypto/nrf_cc310_platform/lib/cortex-m33/hard-float/no-interrupts/libnrf_cc310_platform_0.9.19.a(cc_hal.c.obj)
                0x00000000000045ac                CC_HalMaskInterrupt
 .text.CC_HalWaitInterrupt
                0x00000000000045b8        0xc C:/ncs/v2.7.0/nrfxlib/crypto/nrf_cc310_platform/lib/cortex-m33/hard-float/no-interrupts/libnrf_cc310_platform_0.9.19.a(cc_hal.c.obj)
                0x00000000000045b8                CC_HalWaitInterrupt
 .text.CC_HalWaitInterruptRND
                0x00000000000045c4        0xc C:/ncs/v2.7.0/nrfxlib/crypto/nrf_cc310_platform/lib/cortex-m33/hard-float/no-interrupts/libnrf_cc310_platform_0.9.19.a(cc_hal.c.obj)
                0x00000000000045c4                CC_HalWaitInterruptRND
 .text.CC_PalInit
                0x00000000000045d0       0x5c C:/ncs/v2.7.0/nrfxlib/crypto/nrf_cc310_platform/lib/cortex-m33/hard-float/no-interrupts/libnrf_cc310_platform_0.9.19.a(cc_pal.c.obj)
                0x00000000000045d0                CC_PalInit
 .text.CC_PalTerminate
                0x000000000000462c       0x34 C:/ncs/v2.7.0/nrfxlib/crypto/nrf_cc310_platform/lib/cortex-m33/hard-float/no-interrupts/libnrf_cc310_platform_0.9.19.a(cc_pal.c.obj)
                0x000000000000462c                CC_PalTerminate
 .text.CC_PalDmaInit
                0x0000000000004660        0x4 C:/ncs/v2.7.0/nrfxlib/crypto/nrf_cc310_platform/lib/cortex-m33/hard-float/no-interrupts/libnrf_cc310_platform_0.9.19.a(cc_pal_dma.c.obj)
                0x0000000000004660                CC_PalDmaInit
 .text.CC_PalDmaTerminate
                0x0000000000004664        0x4 C:/ncs/v2.7.0/nrfxlib/crypto/nrf_cc310_platform/lib/cortex-m33/hard-float/no-interrupts/libnrf_cc310_platform_0.9.19.a(cc_pal_dma.c.obj)
                0x0000000000004664                CC_PalDmaTerminate
 .text.CC_PalWaitInterruptRND
                0x0000000000004668       0x2c C:/ncs/v2.7.0/nrfxlib/crypto/nrf_cc310_platform/lib/cortex-m33/hard-float/no-interrupts/libnrf_cc310_platform_0.9.19.a(cc_pal_interrupt_ctrl.c.obj)
                0x0000000000004668                CC_PalWaitInterruptRND
 .text.CC_PalWaitInterrupt
                0x0000000000004694       0x18 C:/ncs/v2.7.0/nrfxlib/crypto/nrf_cc310_platform/lib/cortex-m33/hard-float/no-interrupts/libnrf_cc310_platform_0.9.19.a(cc_pal_interrupt_ctrl.c.obj)
                0x0000000000004694                CC_PalWaitInterrupt
 .text.CC_PalMemCopyPlat
                0x00000000000046ac        0x4 C:/ncs/v2.7.0/nrfxlib/crypto/nrf_cc310_platform/lib/cortex-m33/hard-float/no-interrupts/libnrf_cc310_platform_0.9.19.a(cc_pal_mem.c.obj)
                0x00000000000046ac                CC_PalMemCopyPlat
 .text.CC_PalMemSetZeroPlat
                0x00000000000046b0        0x8 C:/ncs/v2.7.0/nrfxlib/crypto/nrf_cc310_platform/lib/cortex-m33/hard-float/no-interrupts/libnrf_cc310_platform_0.9.19.a(cc_pal_mem.c.obj)
                0x00000000000046b0                CC_PalMemSetZeroPlat
 .text.CC_PalMutexCreate
                0x00000000000046b8       0x14 C:/ncs/v2.7.0/nrfxlib/crypto/nrf_cc310_platform/lib/cortex-m33/hard-float/no-interrupts/libnrf_cc310_platform_0.9.19.a(cc_pal_mutex.c.obj)
                0x00000000000046b8                CC_PalMutexCreate
 .text.CC_PalMutexDestroy
                0x00000000000046cc       0x14 C:/ncs/v2.7.0/nrfxlib/crypto/nrf_cc310_platform/lib/cortex-m33/hard-float/no-interrupts/libnrf_cc310_platform_0.9.19.a(cc_pal_mutex.c.obj)
                0x00000000000046cc                CC_PalMutexDestroy
 .text.CC_PalMutexLock
                0x00000000000046e0       0x10 C:/ncs/v2.7.0/nrfxlib/crypto/nrf_cc310_platform/lib/cortex-m33/hard-float/no-interrupts/libnrf_cc310_platform_0.9.19.a(cc_pal_mutex.c.obj)
                0x00000000000046e0                CC_PalMutexLock
 .text.CC_PalMutexUnlock
                0x00000000000046f0       0x14 C:/ncs/v2.7.0/nrfxlib/crypto/nrf_cc310_platform/lib/cortex-m33/hard-float/no-interrupts/libnrf_cc310_platform_0.9.19.a(cc_pal_mutex.c.obj)
                0x00000000000046f0                CC_PalMutexUnlock
 .text.CC_PalPowerSaveModeInit
                0x0000000000004704       0x3c C:/ncs/v2.7.0/nrfxlib/crypto/nrf_cc310_platform/lib/cortex-m33/hard-float/no-interrupts/libnrf_cc310_platform_0.9.19.a(cc_pal_pm.c.obj)
                0x0000000000004704                CC_PalPowerSaveModeInit
 .text.CC_PalPowerSaveModeSelect
                0x0000000000004740       0x84 C:/ncs/v2.7.0/nrfxlib/crypto/nrf_cc310_platform/lib/cortex-m33/hard-float/no-interrupts/libnrf_cc310_platform_0.9.19.a(cc_pal_pm.c.obj)
                0x0000000000004740                CC_PalPowerSaveModeSelect
 .text.mutex_init
                0x00000000000047c4        0xc C:/ncs/v2.7.0/nrfxlib/crypto/nrf_cc310_platform/lib/cortex-m33/hard-float/no-interrupts/libnrf_cc310_platform_0.9.19.a(threading_alt.c.obj)
                0x00000000000047c4                mutex_init
 .text.mutex_lock
                0x00000000000047d0        0xc C:/ncs/v2.7.0/nrfxlib/crypto/nrf_cc310_platform/lib/cortex-m33/hard-float/no-interrupts/libnrf_cc310_platform_0.9.19.a(threading_alt.c.obj)
                0x00000000000047d0                mutex_lock
 .text.mutex_unlock
                0x00000000000047dc        0xc C:/ncs/v2.7.0/nrfxlib/crypto/nrf_cc310_platform/lib/cortex-m33/hard-float/no-interrupts/libnrf_cc310_platform_0.9.19.a(threading_alt.c.obj)
                0x00000000000047dc                mutex_unlock
 .text.nrf_cc3xx_platform_abort
                0x00000000000047e8       0x24 C:/ncs/v2.7.0/nrfxlib/crypto/nrf_cc310_platform/lib/cortex-m33/hard-float/no-interrupts/libnrf_cc310_platform_0.9.19.a(nrf_cc3xx_platform_abort.c.obj)
 .text.CC_PalAbort
                0x000000000000480c       0x34 C:/ncs/v2.7.0/nrfxlib/crypto/nrf_cc310_platform/lib/cortex-m33/hard-float/no-interrupts/libnrf_cc310_platform_0.9.19.a(nrf_cc3xx_platform_abort.c.obj)
                0x000000000000480c                CC_PalAbort
 .text.mutex_free
                0x0000000000004840       0x34 C:/ncs/v2.7.0/nrfxlib/crypto/nrf_cc310_platform/lib/cortex-m33/hard-float/no-interrupts/libnrf_cc310_platform_0.9.19.a(nrf_cc3xx_platform_mutex.c.obj)
 .text.mutex_lock
                0x0000000000004874       0x48 C:/ncs/v2.7.0/nrfxlib/crypto/nrf_cc310_platform/lib/cortex-m33/hard-float/no-interrupts/libnrf_cc310_platform_0.9.19.a(nrf_cc3xx_platform_mutex.c.obj)
 .text.mutex_unlock
                0x00000000000048bc       0x38 C:/ncs/v2.7.0/nrfxlib/crypto/nrf_cc310_platform/lib/cortex-m33/hard-float/no-interrupts/libnrf_cc310_platform_0.9.19.a(nrf_cc3xx_platform_mutex.c.obj)
 .text.mutex_init
                0x00000000000048f4       0x20 C:/ncs/v2.7.0/nrfxlib/crypto/nrf_cc310_platform/lib/cortex-m33/hard-float/no-interrupts/libnrf_cc310_platform_0.9.19.a(nrf_cc3xx_platform_mutex.c.obj)
 .text.startTrngHW
                0x0000000000004914      0x140 C:/ncs/v2.7.0/nrfxlib/crypto/nrf_cc310_platform/lib/cortex-m33/hard-float/no-interrupts/libnrf_cc310_platform_0.9.19.a(llf_rnd_trng90b.c.obj)
 .text.LLF_RND_RepetitionCounterTest
                0x0000000000004a54       0x64 C:/ncs/v2.7.0/nrfxlib/crypto/nrf_cc310_platform/lib/cortex-m33/hard-float/no-interrupts/libnrf_cc310_platform_0.9.19.a(llf_rnd_trng90b.c.obj)
                0x0000000000004a54                LLF_RND_RepetitionCounterTest
 .text.LLF_RND_AdaptiveProportionTest
                0x0000000000004ab8       0x80 C:/ncs/v2.7.0/nrfxlib/crypto/nrf_cc310_platform/lib/cortex-m33/hard-float/no-interrupts/libnrf_cc310_platform_0.9.19.a(llf_rnd_trng90b.c.obj)
                0x0000000000004ab8                LLF_RND_AdaptiveProportionTest
 .text.getTrngSource
                0x0000000000004b38      0x2b4 C:/ncs/v2.7.0/nrfxlib/crypto/nrf_cc310_platform/lib/cortex-m33/hard-float/no-interrupts/libnrf_cc310_platform_0.9.19.a(llf_rnd_trng90b.c.obj)
 .text.LLF_RND_GetTrngSource
                0x0000000000004dec       0x18 C:/ncs/v2.7.0/nrfxlib/crypto/nrf_cc310_platform/lib/cortex-m33/hard-float/no-interrupts/libnrf_cc310_platform_0.9.19.a(llf_rnd_trng90b.c.obj)
                0x0000000000004dec                LLF_RND_GetTrngSource
 .text.LLF_RND_RunTrngStartupTest
                0x0000000000004e04       0x1c C:/ncs/v2.7.0/nrfxlib/crypto/nrf_cc310_platform/lib/cortex-m33/hard-float/no-interrupts/libnrf_cc310_platform_0.9.19.a(llf_rnd_trng90b.c.obj)
                0x0000000000004e04                LLF_RND_RunTrngStartupTest
 .text.mbedtls_hardware_poll
                0x0000000000004e20       0xfc C:/ncs/v2.7.0/nrfxlib/crypto/nrf_cc310_platform/lib/cortex-m33/hard-float/no-interrupts/libnrf_cc310_platform_0.9.19.a(trng_api.c.obj)
                0x0000000000004e20                mbedtls_hardware_poll
 .text.cc_mbedtls_sha256_init
                0x0000000000004f1c       0x28 C:/ncs/v2.7.0/nrfxlib/crypto/nrf_cc310_platform/lib/cortex-m33/hard-float/no-interrupts/libnrf_cc310_platform_0.9.19.a(sha256_alt.c.obj)
                0x0000000000004f1c                cc_mbedtls_sha256_init
 .text.cc_mbedtls_sha256_free
                0x0000000000004f44        0xc C:/ncs/v2.7.0/nrfxlib/crypto/nrf_cc310_platform/lib/cortex-m33/hard-float/no-interrupts/libnrf_cc310_platform_0.9.19.a(sha256_alt.c.obj)
                0x0000000000004f44                cc_mbedtls_sha256_free
 .text.cc_mbedtls_sha256_starts
                0x0000000000004f50       0x28 C:/ncs/v2.7.0/nrfxlib/crypto/nrf_cc310_platform/lib/cortex-m33/hard-float/no-interrupts/libnrf_cc310_platform_0.9.19.a(sha256_alt.c.obj)
                0x0000000000004f50                cc_mbedtls_sha256_starts
 .text.cc_mbedtls_sha256_update
                0x0000000000004f78       0x54 C:/ncs/v2.7.0/nrfxlib/crypto/nrf_cc310_platform/lib/cortex-m33/hard-float/no-interrupts/libnrf_cc310_platform_0.9.19.a(sha256_alt.c.obj)
                0x0000000000004f78                cc_mbedtls_sha256_update
 .text.cc_mbedtls_sha256_finish
                0x0000000000004fcc       0x48 C:/ncs/v2.7.0/nrfxlib/crypto/nrf_cc310_platform/lib/cortex-m33/hard-float/no-interrupts/libnrf_cc310_platform_0.9.19.a(sha256_alt.c.obj)
                0x0000000000004fcc                cc_mbedtls_sha256_finish
 .text.mbedtls_sha_starts_internal
                0x0000000000005014       0x28 C:/ncs/v2.7.0/nrfxlib/crypto/nrf_cc310_platform/lib/cortex-m33/hard-float/no-interrupts/libnrf_cc310_platform_0.9.19.a(mbedtls_hash_common.c.obj)
                0x0000000000005014                mbedtls_sha_starts_internal
 .text.mbedtls_sha_finish_internal
                0x000000000000503c       0x5c C:/ncs/v2.7.0/nrfxlib/crypto/nrf_cc310_platform/lib/cortex-m33/hard-float/no-interrupts/libnrf_cc310_platform_0.9.19.a(mbedtls_hash_common.c.obj)
                0x000000000000503c                mbedtls_sha_finish_internal
 .text.mbedtls_sha_update_internal
                0x0000000000005098      0x1ec C:/ncs/v2.7.0/nrfxlib/crypto/nrf_cc310_platform/lib/cortex-m33/hard-float/no-interrupts/libnrf_cc310_platform_0.9.19.a(mbedtls_hash_common.c.obj)
                0x0000000000005098                mbedtls_sha_update_internal
 .text.cc_mbedtls_sha256
                0x0000000000005284       0x50 C:/ncs/v2.7.0/nrfxlib/crypto/nrf_cc310_platform/lib/cortex-m33/hard-float/no-interrupts/libnrf_cc310_platform_0.9.19.a(sha256.c.obj)
                0x0000000000005284                cc_mbedtls_sha256
 .text.RNG_PLAT_SetUserRngParameters
                0x00000000000052d4       0x74 C:/ncs/v2.7.0/nrfxlib/crypto/nrf_cc310_platform/lib/cortex-m33/hard-float/no-interrupts/libnrf_cc310_platform_0.9.19.a(cc_rng_plat.c.obj)
                0x00000000000052d4                RNG_PLAT_SetUserRngParameters
 .text.CC_PalTrngParamGet
                0x0000000000005348      0x114 C:/ncs/v2.7.0/nrfxlib/crypto/nrf_cc310_platform/lib/cortex-m33/hard-float/no-interrupts/libnrf_cc310_platform_0.9.19.a(cc_pal_trng.c.obj)
                0x0000000000005348                CC_PalTrngParamGet
 .text.LLF_RND_WaitRngInterrupt
                0x000000000000545c       0x20 C:/ncs/v2.7.0/nrfxlib/crypto/nrf_cc310_platform/lib/cortex-m33/hard-float/no-interrupts/libnrf_cc310_platform_0.9.19.a(llf_rnd.c.obj)
                0x000000000000545c                LLF_RND_WaitRngInterrupt
 .text.LLF_RND_GetRoscSampleCnt
                0x000000000000547c       0x34 C:/ncs/v2.7.0/nrfxlib/crypto/nrf_cc310_platform/lib/cortex-m33/hard-float/no-interrupts/libnrf_cc310_platform_0.9.19.a(llf_rnd.c.obj)
                0x000000000000547c                LLF_RND_GetRoscSampleCnt
 .text.LLF_RND_GetFastestRosc
                0x00000000000054b0       0x20 C:/ncs/v2.7.0/nrfxlib/crypto/nrf_cc310_platform/lib/cortex-m33/hard-float/no-interrupts/libnrf_cc310_platform_0.9.19.a(llf_rnd.c.obj)
                0x00000000000054b0                LLF_RND_GetFastestRosc
 .text.LLF_RND_TurnOffTrng
                0x00000000000054d0       0x18 C:/ncs/v2.7.0/nrfxlib/crypto/nrf_cc310_platform/lib/cortex-m33/hard-float/no-interrupts/libnrf_cc310_platform_0.9.19.a(llf_rnd.c.obj)
                0x00000000000054d0                LLF_RND_TurnOffTrng
 .text.SetDataBuffersInfo
                0x00000000000054e8       0x68 C:/ncs/v2.7.0/nrfxlib/crypto/nrf_cc310_platform/lib/cortex-m33/hard-float/no-interrupts/libnrf_cc310_platform_0.9.19.a(driver_common.c.obj)
                0x00000000000054e8                SetDataBuffersInfo
 .text.InitHashDrv
                0x0000000000005550       0x50 C:/ncs/v2.7.0/nrfxlib/crypto/nrf_cc310_platform/lib/cortex-m33/hard-float/no-interrupts/libnrf_cc310_platform_0.9.19.a(hash_driver.c.obj)
                0x0000000000005550                InitHashDrv
 .text.ProcessHashDrv
                0x00000000000055a0      0x22c C:/ncs/v2.7.0/nrfxlib/crypto/nrf_cc310_platform/lib/cortex-m33/hard-float/no-interrupts/libnrf_cc310_platform_0.9.19.a(hash_driver.c.obj)
                0x00000000000055a0                ProcessHashDrv
 .text.FinishHashDrv
                0x00000000000057cc       0x74 C:/ncs/v2.7.0/nrfxlib/crypto/nrf_cc310_platform/lib/cortex-m33/hard-float/no-interrupts/libnrf_cc310_platform_0.9.19.a(hash_driver.c.obj)
                0x00000000000057cc                FinishHashDrv
 .text.CC_PalDataBufferAttrGet
                0x0000000000005840        0x8 C:/ncs/v2.7.0/nrfxlib/crypto/nrf_cc310_platform/lib/cortex-m33/hard-float/no-interrupts/libnrf_cc310_platform_0.9.19.a(cc_pal_buff_attr.c.obj)
                0x0000000000005840                CC_PalDataBufferAttrGet
 .text          0x0000000000005848       0xc8 c:/ncs/toolchains/ce3b5ff664/opt/zephyr-sdk/arm-zephyr-eabi/bin/../lib/gcc/arm-zephyr-eabi/12.2.0/thumb/v8-m.main+fp/hard\libgcc.a(cmse.o)
                0x0000000000005848                cmse_check_address_range
 .text.exit     0x0000000000005910       0x28 c:/ncs/toolchains/ce3b5ff664/opt/zephyr-sdk/arm-zephyr-eabi/bin/../lib/gcc/arm-zephyr-eabi/12.2.0/../../../../arm-zephyr-eabi/lib/thumb/v8-m.main+fp/hard\libc_nano.a(lib_a-exit.o)
                0x0000000000005910                exit
 .text.__libc_init_array
                0x0000000000005938       0x48 c:/ncs/toolchains/ce3b5ff664/opt/zephyr-sdk/arm-zephyr-eabi/bin/../lib/gcc/arm-zephyr-eabi/12.2.0/../../../../arm-zephyr-eabi/lib/thumb/v8-m.main+fp/hard\libc_nano.a(lib_a-init.o)
                0x0000000000005938                __libc_init_array
 .text._exit    0x0000000000005980        0x4 c:/ncs/toolchains/ce3b5ff664/opt/zephyr-sdk/arm-zephyr-eabi/bin/../lib/gcc/arm-zephyr-eabi/12.2.0/../../../../arm-zephyr-eabi/lib/thumb/v8-m.main+fp/hard\libnosys.a(_exit.o)
                0x0000000000005980                _exit
 .text.clear_caller_context
                0x0000000000005984       0x5c secure_fw/CMakeFiles/tfm_s.dir/partitions/ns_agent_tz/psa_api_veneers_v80m.o
 .text.C_HardFault_Handler
                0x00000000000059e0        0x4 secure_fw/CMakeFiles/tfm_s.dir/__/platform/ext/common/faults.o
                0x00000000000059e0                C_HardFault_Handler
 .text.HardFault_Handler
                0x00000000000059e4       0x1c secure_fw/CMakeFiles/tfm_s.dir/__/platform/ext/common/faults.o
                0x00000000000059e4                HardFault_Handler
 .text.C_MemManage_Handler
                0x0000000000005a00        0x4 secure_fw/CMakeFiles/tfm_s.dir/__/platform/ext/common/faults.o
                0x0000000000005a00                C_MemManage_Handler
 .text.MemManage_Handler
                0x0000000000005a04       0x1c secure_fw/CMakeFiles/tfm_s.dir/__/platform/ext/common/faults.o
                0x0000000000005a04                MemManage_Handler
 .text.C_BusFault_Handler
                0x0000000000005a20        0x4 secure_fw/CMakeFiles/tfm_s.dir/__/platform/ext/common/faults.o
                0x0000000000005a20                C_BusFault_Handler
 .text.BusFault_Handler
                0x0000000000005a24       0x1c secure_fw/CMakeFiles/tfm_s.dir/__/platform/ext/common/faults.o
                0x0000000000005a24                BusFault_Handler
 .text.C_SecureFault_Handler
                0x0000000000005a40        0x4 secure_fw/CMakeFiles/tfm_s.dir/__/platform/ext/common/faults.o
                0x0000000000005a40                C_SecureFault_Handler
 .text.SecureFault_Handler
                0x0000000000005a44       0x1c secure_fw/CMakeFiles/tfm_s.dir/__/platform/ext/common/faults.o
                0x0000000000005a44                SecureFault_Handler
 .text.C_UsageFault_Handler
                0x0000000000005a60        0x4 secure_fw/CMakeFiles/tfm_s.dir/__/platform/ext/common/faults.o
                0x0000000000005a60                C_UsageFault_Handler
 .text.UsageFault_Handler
                0x0000000000005a64       0x1c secure_fw/CMakeFiles/tfm_s.dir/__/platform/ext/common/faults.o
                0x0000000000005a64                UsageFault_Handler
 .text.memmove  0x0000000000005a80       0x6c secure_fw/partitions/lib/runtime/libtfm_sprt.a(crt_memmove.o)
                0x0000000000005a80                memmove
 .text.memcpy   0x0000000000005aec       0x4a secure_fw/partitions/lib/runtime/libtfm_sprt.a(crt_memcpy.o)
                0x0000000000005aec                memcpy
 .text.memset   0x0000000000005b36       0x46 secure_fw/partitions/lib/runtime/libtfm_sprt.a(crt_memset.o)
                0x0000000000005b36                memset
 .text.psa_framework_version
                0x0000000000005b7c       0x18 secure_fw/partitions/lib/runtime/libtfm_sprt.a(psa_interface_sfn.o)
                0x0000000000005b7c                psa_framework_version
 .text.psa_version
                0x0000000000005b94       0x1c secure_fw/partitions/lib/runtime/libtfm_sprt.a(psa_interface_sfn.o)
                0x0000000000005b94                psa_version
 .text.psa_read
                0x0000000000005bb0       0x2a secure_fw/partitions/lib/runtime/libtfm_sprt.a(psa_interface_sfn.o)
                0x0000000000005bb0                psa_read
 .text.psa_write
                0x0000000000005bda       0x2a secure_fw/partitions/lib/runtime/libtfm_sprt.a(psa_interface_sfn.o)
                0x0000000000005bda                psa_write
 .text.psa_panic
                0x0000000000005c04       0x18 secure_fw/partitions/lib/runtime/libtfm_sprt.a(psa_interface_sfn.o)
                0x0000000000005c04                psa_panic
 .text.platform_calloc_uninit
                0x0000000000005c1c        0x4 secure_fw/partitions/crypto/mbedcrypto/nrf_security_src/libcrypto_service_mbedcrypto.a(platform.o)
 .text.platform_free_uninit
                0x0000000000005c20        0x2 secure_fw/partitions/crypto/mbedcrypto/nrf_security_src/libcrypto_service_mbedcrypto.a(platform.o)
 .text.mbedtls_zeroize_and_free
                0x0000000000005c22       0x14 secure_fw/partitions/crypto/mbedcrypto/nrf_security_src/libcrypto_service_mbedcrypto.a(platform_util.o)
                0x0000000000005c22                mbedtls_zeroize_and_free
 .text.psa_remove_key_data_from_memory
                0x0000000000005c36       0x16 secure_fw/partitions/crypto/mbedcrypto/nrf_security_src/libcrypto_service_mbedcrypto.a(psa_crypto.o)
                0x0000000000005c36                psa_remove_key_data_from_memory
 .text.psa_wipe_key_slot
                0x0000000000005c4c       0x22 secure_fw/partitions/crypto/mbedcrypto/nrf_security_src/libcrypto_service_mbedcrypto.a(psa_crypto.o)
                0x0000000000005c4c                psa_wipe_key_slot
 .text.psa_driver_wrapper_init
                0x0000000000005c6e        0x4 secure_fw/partitions/crypto/mbedcrypto/nrf_security_src/libcrypto_service_mbedcrypto.a(psa_crypto_driver_wrappers.o)
                0x0000000000005c6e                psa_driver_wrapper_init
 .text.psa_driver_wrapper_free
                0x0000000000005c72        0x2 secure_fw/partitions/crypto/mbedcrypto/nrf_security_src/libcrypto_service_mbedcrypto.a(psa_crypto_driver_wrappers.o)
                0x0000000000005c72                psa_driver_wrapper_free
 .text.psa_driver_wrapper_init_random
                0x0000000000005c74        0x4 secure_fw/partitions/crypto/mbedcrypto/nrf_security_src/libcrypto_service_mbedcrypto.a(psa_crypto_driver_wrappers.o)
                0x0000000000005c74                psa_driver_wrapper_init_random
 .text.psa_driver_wrapper_get_random
                0x0000000000005c78       0x22 secure_fw/partitions/crypto/mbedcrypto/nrf_security_src/libcrypto_service_mbedcrypto.a(psa_crypto_driver_wrappers.o)
                0x0000000000005c78                psa_driver_wrapper_get_random
 .text.psa_driver_wrapper_free_random
                0x0000000000005c9a        0x4 secure_fw/partitions/crypto/mbedcrypto/nrf_security_src/libcrypto_service_mbedcrypto.a(psa_crypto_driver_wrappers.o)
                0x0000000000005c9a                psa_driver_wrapper_free_random
 .text          0x0000000000005c9e       0x5c c:/ncs/toolchains/ce3b5ff664/opt/zephyr-sdk/arm-zephyr-eabi/bin/../lib/gcc/arm-zephyr-eabi/12.2.0/thumb/v8-m.main+fp/hard\libgcc.a(cmse_nonsecure_call.o)
                0x0000000000005c9e                __gnu_cmse_nonsecure_call
 *(.init)
 *fill*         0x0000000000005cfa        0x2 
 .init          0x0000000000005cfc        0x4 c:/ncs/toolchains/ce3b5ff664/opt/zephyr-sdk/arm-zephyr-eabi/bin/../lib/gcc/arm-zephyr-eabi/12.2.0/thumb/v8-m.main+fp/hard/crti.o
                0x0000000000005cfc                _init
 .init          0x0000000000005d00        0x8 c:/ncs/toolchains/ce3b5ff664/opt/zephyr-sdk/arm-zephyr-eabi/bin/../lib/gcc/arm-zephyr-eabi/12.2.0/thumb/v8-m.main+fp/hard/crtn.o
 *(.fini)
 .fini          0x0000000000005d08        0x4 c:/ncs/toolchains/ce3b5ff664/opt/zephyr-sdk/arm-zephyr-eabi/bin/../lib/gcc/arm-zephyr-eabi/12.2.0/thumb/v8-m.main+fp/hard/crti.o
                0x0000000000005d08                _fini
 .fini          0x0000000000005d0c        0x8 c:/ncs/toolchains/ce3b5ff664/opt/zephyr-sdk/arm-zephyr-eabi/bin/../lib/gcc/arm-zephyr-eabi/12.2.0/thumb/v8-m.main+fp/hard/crtn.o
 *crtbegin.o(.ctors)
 *crtbegin?.o(.ctors)
 *(EXCLUDE_FILE(*crtend.o *crtend?.o) .ctors)
 *(SORT_BY_NAME(.ctors.*))
 *(.ctors)
 *crtbegin.o(.dtors)
 *crtbegin?.o(.dtors)
 *(EXCLUDE_FILE(*crtend.o *crtend?.o) .dtors)
 *(SORT_BY_NAME(.dtors.*))
 *(.dtors)
 *(SORT_BY_ALIGNMENT(.rodata*))
 .rodata.CSWTCH.10
                0x0000000000005d14       0x1c C:/ncs/v2.7.0/nrfxlib/crypto/nrf_cc310_platform/lib/cortex-m33/hard-float/no-interrupts/libnrf_cc310_platform_0.9.19.a(nrf_cc3xx_platform.c.obj)
 .rodata.RndStartupTest.constprop.0.str1.4
                0x0000000000005d30       0x6f C:/ncs/v2.7.0/nrfxlib/crypto/nrf_cc310_platform/lib/cortex-m33/hard-float/no-interrupts/libnrf_cc310_platform_0.9.19.a(cc_lib.c.obj)
 *fill*         0x0000000000005d9f        0x1 
 .rodata.CC_PalPowerSaveModeInit.str1.4
                0x0000000000005da0       0x20 C:/ncs/v2.7.0/nrfxlib/crypto/nrf_cc310_platform/lib/cortex-m33/hard-float/no-interrupts/libnrf_cc310_platform_0.9.19.a(cc_pal_pm.c.obj)
 .rodata.mutex_free.str1.4
                0x0000000000005dc0       0x26 C:/ncs/v2.7.0/nrfxlib/crypto/nrf_cc310_platform/lib/cortex-m33/hard-float/no-interrupts/libnrf_cc310_platform_0.9.19.a(nrf_cc3xx_platform_mutex.c.obj)
 *fill*         0x0000000000005de6        0x2 
 .rodata.mutex_init.str1.4
                0x0000000000005de8       0x23 C:/ncs/v2.7.0/nrfxlib/crypto/nrf_cc310_platform/lib/cortex-m33/hard-float/no-interrupts/libnrf_cc310_platform_0.9.19.a(nrf_cc3xx_platform_mutex.c.obj)
 *fill*         0x0000000000005e0b        0x1 
 .rodata.mbedtls_hardware_poll.str1.4
                0x0000000000005e0c       0x16 C:/ncs/v2.7.0/nrfxlib/crypto/nrf_cc310_platform/lib/cortex-m33/hard-float/no-interrupts/libnrf_cc310_platform_0.9.19.a(trng_api.c.obj)
                                         0x6e (size before relaxing)
 *fill*         0x0000000000005e22        0x2 
 .rodata.cc_mbedtls_sha256_init.str1.4
                0x0000000000005e24        0xe C:/ncs/v2.7.0/nrfxlib/crypto/nrf_cc310_platform/lib/cortex-m33/hard-float/no-interrupts/libnrf_cc310_platform_0.9.19.a(sha256_alt.c.obj)
 .rodata.ProcessHashDrv.str1.4
                0x0000000000005e32       0x6f C:/ncs/v2.7.0/nrfxlib/crypto/nrf_cc310_platform/lib/cortex-m33/hard-float/no-interrupts/libnrf_cc310_platform_0.9.19.a(hash_driver.c.obj)
 *fill*         0x0000000000005e32        0x2 
 .rodata.HASH_LARVAL_SHA256
                0x0000000000005e34       0x20 C:/ncs/v2.7.0/nrfxlib/crypto/nrf_cc310_platform/lib/cortex-m33/hard-float/no-interrupts/libnrf_cc310_platform_0.9.19.a(hash_driver.c.obj)
 .rodata.HASH_LARVAL_SHA224
                0x0000000000005e54       0x20 C:/ncs/v2.7.0/nrfxlib/crypto/nrf_cc310_platform/lib/cortex-m33/hard-float/no-interrupts/libnrf_cc310_platform_0.9.19.a(hash_driver.c.obj)
 .rodata.HASH_LARVAL_SHA1
                0x0000000000005e74       0x14 C:/ncs/v2.7.0/nrfxlib/crypto/nrf_cc310_platform/lib/cortex-m33/hard-float/no-interrupts/libnrf_cc310_platform_0.9.19.a(hash_driver.c.obj)
 .rodata._global_impure_ptr
                0x0000000000005e88        0x4 c:/ncs/toolchains/ce3b5ff664/opt/zephyr-sdk/arm-zephyr-eabi/bin/../lib/gcc/arm-zephyr-eabi/12.2.0/../../../../arm-zephyr-eabi/lib/thumb/v8-m.main+fp/hard\libc_nano.a(lib_a-impure.o)
                0x0000000000005e88                _global_impure_ptr
 .rodata.str1.1
                0x0000000000005e8c        0xb secure_fw/CMakeFiles/tfm_s.dir/__/generated/secure_fw/partitions/crypto/auto_generated/load_info_tfm_crypto.o
 .rodata.str1.1
                0x0000000000005e97       0x15 secure_fw/CMakeFiles/tfm_s.dir/__/generated/secure_fw/partitions/platform/auto_generated/load_info_tfm_platform.o
 *(.eh_frame*)
 .eh_frame      0x0000000000005eac        0x0 c:/ncs/toolchains/ce3b5ff664/opt/zephyr-sdk/arm-zephyr-eabi/bin/../lib/gcc/arm-zephyr-eabi/12.2.0/thumb/v8-m.main+fp/hard/crtbegin.o
 .eh_frame      0x0000000000005eac        0x4 c:/ncs/toolchains/ce3b5ff664/opt/zephyr-sdk/arm-zephyr-eabi/bin/../lib/gcc/arm-zephyr-eabi/12.2.0/thumb/v8-m.main+fp/hard/crtend.o
                0x0000000000005ec0                . = ALIGN (0x20)
 *fill*         0x0000000000005eb0       0x10 
                0x0000000000003620                Image$$TFM_UNPRIV_CODE_START$$RO$$Base = ADDR (.TFM_UNPRIV_CODE)
                0x0000000000005ec0                Image$$TFM_UNPRIV_CODE_END$$RO$$Limit = (ADDR (.TFM_UNPRIV_CODE) + SIZEOF (.TFM_UNPRIV_CODE))

.glue_7         0x0000000000005ec0        0x0
 .glue_7        0x0000000000005ec0        0x0 linker stubs

.glue_7t        0x0000000000005ec0        0x0
 .glue_7t       0x0000000000005ec0        0x0 linker stubs

.vfp11_veneer   0x0000000000005ec0        0x0
 .vfp11_veneer  0x0000000000005ec0        0x0 linker stubs

.v4_bx          0x0000000000005ec0        0x0
 .v4_bx         0x0000000000005ec0        0x0 linker stubs

.iplt           0x0000000000005ec0        0x0
 .iplt          0x0000000000005ec0        0x0 c:/ncs/toolchains/ce3b5ff664/opt/zephyr-sdk/arm-zephyr-eabi/bin/../lib/gcc/arm-zephyr-eabi/12.2.0/thumb/v8-m.main+fp/hard/crtbegin.o

.rel.dyn        0x0000000000005ec0        0x0
 .rel.iplt      0x0000000000005ec0        0x0 c:/ncs/toolchains/ce3b5ff664/opt/zephyr-sdk/arm-zephyr-eabi/bin/../lib/gcc/arm-zephyr-eabi/12.2.0/thumb/v8-m.main+fp/hard/crtbegin.o

.gnu.sgstubs    0x0000000000007c00       0x40
 *(.gnu.sgstubs*)
 .gnu.sgstubs.__stub
                0x0000000000007c00       0x28 linker stubs
                0x0000000000007c00                tfm_psa_framework_version_veneer
                0x0000000000007c08                tfm_psa_version_veneer
                0x0000000000007c10                tfm_psa_close_veneer
                0x0000000000007c18                tfm_psa_connect_veneer
                0x0000000000007c20                tfm_psa_call_veneer

.sgstubs_end    0x0000000000008000        0x0

.tfm_secure_data_start
                0x0000000020000000        0x0
                0x0000000020000000                . = ALIGN (0x4)

.tfm_bl2_shared_data
                0x0000000020000000      0x400
                0x0000000020000400                . = (. + 0x400)
 *fill*         0x0000000020000000      0x400 

.msp_stack      0x0000000020000400      0x7f8
                0x0000000020000bf8                . = (. + (__msp_stack_size__ - 0x8))
 *fill*         0x0000000020000400      0x7f8 
                0x0000000020000400                Image$$ARM_LIB_STACK$$ZI$$Base = ADDR (.msp_stack)
                0x0000000020000bf8                Image$$ARM_LIB_STACK$$ZI$$Limit = (ADDR (.msp_stack) + SIZEOF (.msp_stack))

.msp_stack_seal_res
                0x0000000020000bf8        0x8
                0x0000000020000c00                . = (. + 0x8)
 *fill*         0x0000000020000bf8        0x8 
                0x0000000020000bf8                __StackSeal = ADDR (.msp_stack_seal_res)
                0x0000000020000c00                . = ALIGN (0x20)
                0x0000000020000c00                Image$$TFM_APP_RW_STACK_START$$Base = .

.TFM_APP_ROT_LINKER_DATA
                0x0000000020000c00        0x0 load address 0x0000000000007c40
 *tfm_app_rot_partition*:(SORT_BY_ALIGNMENT(.data*))
 *(TFM_*_APP-ROT_ATTR_RW)
                0x0000000020000c00                . = ALIGN (0x4)
                0x0000000020000c00                Image$$TFM_APP_ROT_LINKER_DATA$$RW$$Base = ADDR (.TFM_APP_ROT_LINKER_DATA)
                0x0000000020000c00                Image$$TFM_APP_ROT_LINKER_DATA$$RW$$Limit = (ADDR (.TFM_APP_ROT_LINKER_DATA) + SIZEOF (.TFM_APP_ROT_LINKER_DATA))

.TFM_APP_ROT_LINKER_BSS
                0x0000000020000c00       0x20
                0x0000000020000c00                start_of_TFM_APP_ROT_LINKER = .
 *tfm_app_rot_partition*:(SORT_BY_ALIGNMENT(.bss*))
 *tfm_app_rot_partition*:*(COMMON)
 *(TFM_*_APP-ROT_ATTR_ZI)
                0x0000000020000c04                . = (. + (. - start_of_TFM_APP_ROT_LINKER)?0x0:0x4)
 *fill*         0x0000000020000c00        0x4 
                0x0000000020000c20                . = ALIGN (0x20)
 *fill*         0x0000000020000c04       0x1c 
                0x0000000020000c00                Image$$TFM_APP_ROT_LINKER_DATA$$ZI$$Base = ADDR (.TFM_APP_ROT_LINKER_BSS)
                0x0000000020000c20                Image$$TFM_APP_ROT_LINKER_DATA$$ZI$$Limit = (ADDR (.TFM_APP_ROT_LINKER_BSS) + SIZEOF (.TFM_APP_ROT_LINKER_BSS))
                0x0000000020000c20                Image$$TFM_APP_RW_STACK_END$$Base = .
                0x0000000020000c20                Image$$TFM_PSA_RW_STACK_START$$Base = .

.TFM_PSA_ROT_LINKER_DATA
                0x0000000020000c20        0x0 load address 0x0000000000007c40
 *tfm_psa_rot_partition*:(SORT_BY_ALIGNMENT(.data*))
 *(TFM_*_PSA-ROT_ATTR_RW)
                0x0000000020000c20                . = ALIGN (0x4)
                0x0000000020000c20                Image$$TFM_PSA_ROT_LINKER_DATA$$RW$$Base = ADDR (.TFM_PSA_ROT_LINKER_DATA)
                0x0000000020000c20                Image$$TFM_PSA_ROT_LINKER_DATA$$RW$$Limit = (ADDR (.TFM_PSA_ROT_LINKER_DATA) + SIZEOF (.TFM_PSA_ROT_LINKER_DATA))

.TFM_PSA_ROT_LINKER_BSS
                0x0000000020000c20      0x460
                0x0000000020000c20                start_of_TFM_PSA_ROT_LINKER = .
 *tfm_psa_rot_partition*:(SORT_BY_ALIGNMENT(.bss*))
 .bss.scratch   0x0000000020000c20      0x408 secure_fw/partitions/crypto/libtfm_psa_rot_partition_crypto.a(crypto_init.o)
 .bss.operations
                0x0000000020001028       0x28 secure_fw/partitions/crypto/libtfm_psa_rot_partition_crypto.a(crypto_alloc.o)
 .bss.mbedtls_mem_buf
                0x0000000020001050        0x1 secure_fw/partitions/crypto/libtfm_psa_rot_partition_crypto.a(crypto_library.o)
 .bss.mbedtls_version_full
                0x0000000020001051       0x12 secure_fw/partitions/crypto/libtfm_psa_rot_partition_crypto.a(crypto_library.o)
 *tfm_psa_rot_partition*:*(COMMON)
 *(TFM_*_PSA-ROT_ATTR_ZI)
                0x0000000020001063                . = (. + (. - start_of_TFM_PSA_ROT_LINKER)?0x0:0x4)
                0x0000000020001080                . = ALIGN (0x20)
 *fill*         0x0000000020001063       0x1d 
                0x0000000020000c20                Image$$TFM_PSA_ROT_LINKER_DATA$$ZI$$Base = ADDR (.TFM_PSA_ROT_LINKER_BSS)
                0x0000000020001080                Image$$TFM_PSA_ROT_LINKER_DATA$$ZI$$Limit = (ADDR (.TFM_PSA_ROT_LINKER_BSS) + SIZEOF (.TFM_PSA_ROT_LINKER_BSS))
                0x0000000020001080                Image$$TFM_PSA_RW_STACK_END$$Base = .

.TFM_DATA       0x0000000020001080      0x128 load address 0x0000000000007c40
 *(SORT_BY_ALIGNMENT(.data*))
 .data.ret_err  0x0000000020001080        0x4 secure_fw/CMakeFiles/tfm_s.dir/partitions/ns_agent_tz/psa_api_veneers_v80m.o
                0x0000000020001080                ret_err
 .data.UART1_Resources
                0x0000000020001084       0x24 platform/libplatform_s.a(Driver_USART.o)
 .data.dev_mpu_s
                0x00000000200010a8        0x4 secure_fw/spm/libtfm_spm.a(tfm_hal_isolation.o)
                0x00000000200010a8                dev_mpu_s
 .data.tfm_peripheral_vmc
                0x00000000200010ac        0x8 secure_fw/spm/libtfm_spm.a(target_cfg.o)
                0x00000000200010ac                tfm_peripheral_vmc
 .data.tfm_peripheral_uarte1
                0x00000000200010b4        0x8 secure_fw/spm/libtfm_spm.a(target_cfg.o)
                0x00000000200010b4                tfm_peripheral_uarte1
 .data.serv_pool_sa
                0x00000000200010bc        0x4 secure_fw/spm/libtfm_spm.a(rom_loader.o)
 .data.part_pool_sa
                0x00000000200010c0        0x4 secure_fw/spm/libtfm_spm.a(rom_loader.o)
 .data.ldinf_sa
                0x00000000200010c4        0x4 secure_fw/spm/libtfm_spm.a(rom_loader.o)
 .data.mbedtls_free_func
                0x00000000200010c8        0x4 secure_fw/partitions/crypto/mbedcrypto/nrf_security_src/libcrypto_service_mbedcrypto.a(platform.o)
 .data.mbedtls_calloc_func
                0x00000000200010cc        0x4 secure_fw/partitions/crypto/mbedcrypto/nrf_security_src/libcrypto_service_mbedcrypto.a(platform.o)
 .data.memset_func
                0x00000000200010d0        0x4 secure_fw/partitions/crypto/mbedcrypto/nrf_security_src/libcrypto_service_mbedcrypto.a(platform_util.o)
 .data.pCCRndCryptoMutex
                0x00000000200010d4        0x4 C:/ncs/v2.7.0/nrfxlib/crypto/nrf_cc310_platform/lib/cortex-m33/hard-float/no-interrupts/libnrf_cc310_platform_0.9.19.a(cc_pal.c.obj)
                0x00000000200010d4                pCCRndCryptoMutex
 .data.CCPowerMutex
                0x00000000200010d8        0x4 C:/ncs/v2.7.0/nrfxlib/crypto/nrf_cc310_platform/lib/cortex-m33/hard-float/no-interrupts/libnrf_cc310_platform_0.9.19.a(cc_pal.c.obj)
                0x00000000200010d8                CCPowerMutex
 .data.CCRndCryptoMutex
                0x00000000200010dc        0x4 C:/ncs/v2.7.0/nrfxlib/crypto/nrf_cc310_platform/lib/cortex-m33/hard-float/no-interrupts/libnrf_cc310_platform_0.9.19.a(cc_pal.c.obj)
                0x00000000200010dc                CCRndCryptoMutex
 .data.CCAsymCryptoMutex
                0x00000000200010e0        0x4 C:/ncs/v2.7.0/nrfxlib/crypto/nrf_cc310_platform/lib/cortex-m33/hard-float/no-interrupts/libnrf_cc310_platform_0.9.19.a(cc_pal.c.obj)